20:06:12 **** Incremental Build of configuration Debug for project drivers_uart_ejemplo_dos ****
make -r all 
Building file: ../src/main-uart.c
Invoking: MCU C Compiler
arm-none-eabi-gcc -DDEBUG -D__CODE_RED -DCORE_M3 -D__USE_CMSIS=CMSISv2p00_LPC17xx -D__LPC17XX__ -D__REDLIB__ -I"C:\ejemplo\CMSISv2p00_LPC17xx\inc" -O0 -g3 -Wall -c -fmessage-length=0 -fno-builtin -ffunction-sections -fdata-sections -mcpu=cortex-m3 -mthumb -specs=redlib.specs -MMD -MP -MF"src/main-uart.d" -MT"src/main-uart.o" -MT"src/main-uart.d" -o "src/main-uart.o" "../src/main-uart.c"
Finished building: ../src/main-uart.c
 
Building target: drivers_uart_ejemplo_dos.axf
Invoking: MCU Linker
arm-none-eabi-gcc -nostdlib -L"C:\ejemplo\CMSISv2p00_LPC17xx\Debug" -Xlinker -Map="drivers_uart_ejemplo_dos.map" -Xlinker --gc-sections -mcpu=cortex-m3 -mthumb -T "drivers_uart_ejemplo_dos_Debug.ld" -o "drivers_uart_ejemplo_dos.axf"  ./src/cr_startup_lpc175x_6x.o ./src/crp.o ./src/lcd.o ./src/main-uart.o ./src/puertos.o ./src/uart.o   -lCMSISv2p00_LPC17xx
Finished building target: drivers_uart_ejemplo_dos.axf
 
make --no-print-directory post-build
Performing post-build steps
arm-none-eabi-size "drivers_uart_ejemplo_dos.axf"; # arm-none-eabi-objcopy -v -O binary "drivers_uart_ejemplo_dos.axf" "drivers_uart_ejemplo_dos.bin" ; # checksum -p LPC1769 -d "drivers_uart_ejemplo_dos.bin";
   text	   data	    bss	    dec	    hex	filename
   3940	      4	      8	   3952	    f70	drivers_uart_ejemplo_dos.axf
 

20:06:15 Build Finished (took 2s.666ms)

