19:03:55 **** Clean-only build of configuration Debug for project driver_puertos ****
make -r clean 
rm -rf  ./src/cr_startup_lpc175x_6x.o ./src/crp.o ./src/main-puertos.o ./src/puertos.o  ./src/cr_startup_lpc175x_6x.d ./src/crp.d ./src/main-puertos.d ./src/puertos.d  driver_puertos.axf
 
19:04:31 **** Build of configuration Debug for project driver_puertos ****
make -r all 
Building file: ../src/cr_startup_lpc175x_6x.c
Invoking: MCU C Compiler
arm-none-eabi-gcc -DDEBUG -D__CODE_RED -DCORE_M3 -D__USE_CMSIS=CMSIS_CORE_LPC17xx -D__LPC17XX__ -D__REDLIB__ -I"C:\ejemplo\CMSISv2p00_LPC17xx" -O0 -g3 -Wall -c -fmessage-length=0 -fno-builtin -ffunction-sections -fdata-sections -mcpu=cortex-m3 -mthumb -specs=redlib.specs -MMD -MP -MF"src/cr_startup_lpc175x_6x.d" -MT"src/cr_startup_lpc175x_6x.o" -MT"src/cr_startup_lpc175x_6x.d" -o "src/cr_startup_lpc175x_6x.o" "../src/cr_startup_lpc175x_6x.c"
Finished building: ../src/cr_startup_lpc175x_6x.c
 
Building file: ../src/crp.c
Invoking: MCU C Compiler
arm-none-eabi-gcc -DDEBUG -D__CODE_RED -DCORE_M3 -D__USE_CMSIS=CMSIS_CORE_LPC17xx -D__LPC17XX__ -D__REDLIB__ -I"C:\ejemplo\CMSISv2p00_LPC17xx" -O0 -g3 -Wall -c -fmessage-length=0 -fno-builtin -ffunction-sections -fdata-sections -mcpu=cortex-m3 -mthumb -specs=redlib.specs -MMD -MP -MF"src/crp.d" -MT"src/crp.o" -MT"src/crp.d" -o "src/crp.o" "../src/crp.c"
Finished building: ../src/crp.c
 
Building file: ../src/main-puertos.c
Invoking: MCU C Compiler
arm-none-eabi-gcc -DDEBUG -D__CODE_RED -DCORE_M3 -D__USE_CMSIS=CMSIS_CORE_LPC17xx -D__LPC17XX__ -D__REDLIB__ -I"C:\ejemplo\CMSISv2p00_LPC17xx" -O0 -g3 -Wall -c -fmessage-length=0 -fno-builtin -ffunction-sections -fdata-sections -mcpu=cortex-m3 -mthumb -specs=redlib.specs -MMD -MP -MF"src/main-puertos.d" -MT"src/main-puertos.o" -MT"src/main-puertos.d" -o "src/main-puertos.o" "../src/main-puertos.c"
../src/main-puertos.c:9:21: fatal error: LPC17xx.h: No such file or directory
 #include "LPC17xx.h"
                     ^
compilation terminated.
make: *** [src/main-puertos.o] Error 1
19:05:46 **** Clean-only build of configuration Debug for project driver_puertos ****
make -r clean 
rm -rf  ./src/cr_startup_lpc175x_6x.o ./src/crp.o ./src/main-puertos.o ./src/puertos.o  ./src/cr_startup_lpc175x_6x.d ./src/crp.d ./src/main-puertos.d ./src/puertos.d  driver_puertos.axf
 
19:06:02 **** Build of configuration Debug for project driver_puertos ****
make -r all 
Building file: ../src/cr_startup_lpc175x_6x.c
Invoking: MCU C Compiler
arm-none-eabi-gcc -DDEBUG -D__CODE_RED -DCORE_M3 -D__USE_CMSIS=CMSIS_CORE_LPC17xx -D__LPC17XX__ -D__REDLIB__ -I"C:\ejemplo\CMSISv2p00_LPC17xx" -O0 -g3 -Wall -c -fmessage-length=0 -fno-builtin -ffunction-sections -fdata-sections -mcpu=cortex-m3 -mthumb -specs=redlib.specs -MMD -MP -MF"src/cr_startup_lpc175x_6x.d" -MT"src/cr_startup_lpc175x_6x.o" -MT"src/cr_startup_lpc175x_6x.d" -o "src/cr_startup_lpc175x_6x.o" "../src/cr_startup_lpc175x_6x.c"
Finished building: ../src/cr_startup_lpc175x_6x.c
 
Building file: ../src/crp.c
Invoking: MCU C Compiler
arm-none-eabi-gcc -DDEBUG -D__CODE_RED -DCORE_M3 -D__USE_CMSIS=CMSIS_CORE_LPC17xx -D__LPC17XX__ -D__REDLIB__ -I"C:\ejemplo\CMSISv2p00_LPC17xx" -O0 -g3 -Wall -c -fmessage-length=0 -fno-builtin -ffunction-sections -fdata-sections -mcpu=cortex-m3 -mthumb -specs=redlib.specs -MMD -MP -MF"src/crp.d" -MT"src/crp.o" -MT"src/crp.d" -o "src/crp.o" "../src/crp.c"
Finished building: ../src/crp.c
 
Building file: ../src/main-puertos.c
Invoking: MCU C Compiler
arm-none-eabi-gcc -DDEBUG -D__CODE_RED -DCORE_M3 -D__USE_CMSIS=CMSIS_CORE_LPC17xx -D__LPC17XX__ -D__REDLIB__ -I"C:\ejemplo\CMSISv2p00_LPC17xx" -O0 -g3 -Wall -c -fmessage-length=0 -fno-builtin -ffunction-sections -fdata-sections -mcpu=cortex-m3 -mthumb -specs=redlib.specs -MMD -MP -MF"src/main-puertos.d" -MT"src/main-puertos.o" -MT"src/main-puertos.d" -o "src/main-puertos.o" "../src/main-puertos.c"
../src/main-puertos.c:9:21: fatal error: LPC17xx.h: No such file or directory
 #include "LPC17xx.h"
                     ^
compilation terminated.
make: *** [src/main-puertos.o] Error 1
19:07:00 **** Incremental Build of configuration Debug for project driver_puertos ****
make -r all 
Building file: ../src/cr_startup_lpc175x_6x.c
Invoking: MCU C Compiler
arm-none-eabi-gcc -DDEBUG -D__CODE_RED -DCORE_M3 -D__USE_CMSIS=CMSIS_CORE_LPC17xx -D__LPC17XX__ -D__REDLIB__ -I"C:\ejemplo\CMSISv2p00_LPC17xx" -O0 -g3 -Wall -c -fmessage-length=0 -fno-builtin -ffunction-sections -fdata-sections -mcpu=cortex-m3 -mthumb -specs=redlib.specs -MMD -MP -MF"src/cr_startup_lpc175x_6x.d" -MT"src/cr_startup_lpc175x_6x.o" -MT"src/cr_startup_lpc175x_6x.d" -o "src/cr_startup_lpc175x_6x.o" "../src/cr_startup_lpc175x_6x.c"
Finished building: ../src/cr_startup_lpc175x_6x.c
 
Building file: ../src/crp.c
Invoking: MCU C Compiler
arm-none-eabi-gcc -DDEBUG -D__CODE_RED -DCORE_M3 -D__USE_CMSIS=CMSIS_CORE_LPC17xx -D__LPC17XX__ -D__REDLIB__ -I"C:\ejemplo\CMSISv2p00_LPC17xx" -O0 -g3 -Wall -c -fmessage-length=0 -fno-builtin -ffunction-sections -fdata-sections -mcpu=cortex-m3 -mthumb -specs=redlib.specs -MMD -MP -MF"src/crp.d" -MT"src/crp.o" -MT"src/crp.d" -o "src/crp.o" "../src/crp.c"
Finished building: ../src/crp.c
 
Building file: ../src/main-puertos.c
Invoking: MCU C Compiler
arm-none-eabi-gcc -DDEBUG -D__CODE_RED -DCORE_M3 -D__USE_CMSIS=CMSIS_CORE_LPC17xx -D__LPC17XX__ -D__REDLIB__ -I"C:\ejemplo\CMSISv2p00_LPC17xx" -O0 -g3 -Wall -c -fmessage-length=0 -fno-builtin -ffunction-sections -fdata-sections -mcpu=cortex-m3 -mthumb -specs=redlib.specs -MMD -MP -MF"src/main-puertos.d" -MT"src/main-puertos.o" -MT"src/main-puertos.d" -o "src/main-puertos.o" "../src/main-puertos.c"
../src/main-puertos.c:9:21: fatal error: LPC17xx.h: No such file or directory
 #include "LPC17xx.h"
                     ^
compilation terminated.
make: *** [src/main-puertos.o] Error 1
19:07:31 **** Incremental Build of configuration Debug for project driver_puertos ****
make -r all 
Building file: ../src/cr_startup_lpc175x_6x.c
Invoking: MCU C Compiler
arm-none-eabi-gcc -DDEBUG -D__CODE_RED -DCORE_M3 -D__USE_CMSIS=CMSIS_CORE_LPC17xx -D__LPC17XX__ -D__REDLIB__ -I"C:\ejemplo\CMSISv2p00_LPC17xx" -O0 -g3 -Wall -c -fmessage-length=0 -fno-builtin -ffunction-sections -fdata-sections -mcpu=cortex-m3 -mthumb -specs=redlib.specs -MMD -MP -MF"src/cr_startup_lpc175x_6x.d" -MT"src/cr_startup_lpc175x_6x.o" -MT"src/cr_startup_lpc175x_6x.d" -o "src/cr_startup_lpc175x_6x.o" "../src/cr_startup_lpc175x_6x.c"
Finished building: ../src/cr_startup_lpc175x_6x.c
 
Building file: ../src/crp.c
Invoking: MCU C Compiler
arm-none-eabi-gcc -DDEBUG -D__CODE_RED -DCORE_M3 -D__USE_CMSIS=CMSIS_CORE_LPC17xx -D__LPC17XX__ -D__REDLIB__ -I"C:\ejemplo\CMSISv2p00_LPC17xx" -O0 -g3 -Wall -c -fmessage-length=0 -fno-builtin -ffunction-sections -fdata-sections -mcpu=cortex-m3 -mthumb -specs=redlib.specs -MMD -MP -MF"src/crp.d" -MT"src/crp.o" -MT"src/crp.d" -o "src/crp.o" "../src/crp.c"
Finished building: ../src/crp.c
 
Building file: ../src/main-puertos.c
Invoking: MCU C Compiler
arm-none-eabi-gcc -DDEBUG -D__CODE_RED -DCORE_M3 -D__USE_CMSIS=CMSIS_CORE_LPC17xx -D__LPC17XX__ -D__REDLIB__ -I"C:\ejemplo\CMSISv2p00_LPC17xx" -O0 -g3 -Wall -c -fmessage-length=0 -fno-builtin -ffunction-sections -fdata-sections -mcpu=cortex-m3 -mthumb -specs=redlib.specs -MMD -MP -MF"src/main-puertos.d" -MT"src/main-puertos.o" -MT"src/main-puertos.d" -o "src/main-puertos.o" "../src/main-puertos.c"
../src/main-puertos.c:9:21: fatal error: LPC17xx.h: No such file or directory
 #include "LPC17xx.h"
                     ^
compilation terminated.
make: *** [src/main-puertos.o] Error 1
19:10:50 **** Build of configuration Debug for project driver_lcd_oo ****
make -r all 
Building target: driver_lcd_oo.axf
Invoking: MCU Linker
arm-none-eabi-gcc -nostdlib -Xlinker -Map="driver_lcd_oo.map" -Xlinker --gc-sections -mcpu=cortex-m3 -mthumb -T "driver_lcd_oo_Debug.ld" -o "driver_lcd_oo.axf"  ./src/cr_startup_lpc175x_6x.o ./src/crp.o ./src/lcd.o ./src/main-lcd.o ./src/puertos.o   -lCMSIS_CORE_LPC17xx
c:/nxp/lpcxpresso_7.7.2_379/lpcxpresso/tools/bin/../lib/gcc/arm-none-eabi/4.9.3/../../../../arm-none-eabi/bin/ld.exe: cannot find -lCMSIS_CORE_LPC17xx
collect2.exe: error: ld returned 1 exit status
make: *** [driver_lcd_oo.axf] Error 1
19:13:30 **** Build of configuration Debug for project drivers_lcd ****
make -r all 
Building file: ../src/cr_startup_lpc175x_6x.c
Invoking: MCU C Compiler
arm-none-eabi-gcc -DDEBUG -D__CODE_RED -DCORE_M3 -D__USE_CMSIS=CMSISv2p00_LPC17xx -D__LPC17XX__ -D__REDLIB__ -O0 -g3 -Wall -c -fmessage-length=0 -fno-builtin -ffunction-sections -fdata-sections -mcpu=cortex-m3 -mthumb -specs=redlib.specs -MMD -MP -MF"src/cr_startup_lpc175x_6x.d" -MT"src/cr_startup_lpc175x_6x.o" -MT"src/cr_startup_lpc175x_6x.d" -o "src/cr_startup_lpc175x_6x.o" "../src/cr_startup_lpc175x_6x.c"
Finished building: ../src/cr_startup_lpc175x_6x.c
 
Building file: ../src/crp.c
Invoking: MCU C Compiler
arm-none-eabi-gcc -DDEBUG -D__CODE_RED -DCORE_M3 -D__USE_CMSIS=CMSISv2p00_LPC17xx -D__LPC17XX__ -D__REDLIB__ -O0 -g3 -Wall -c -fmessage-length=0 -fno-builtin -ffunction-sections -fdata-sections -mcpu=cortex-m3 -mthumb -specs=redlib.specs -MMD -MP -MF"src/crp.d" -MT"src/crp.o" -MT"src/crp.d" -o "src/crp.o" "../src/crp.c"
Finished building: ../src/crp.c
 
Building file: ../src/lcd.c
Invoking: MCU C Compiler
arm-none-eabi-gcc -DDEBUG -D__CODE_RED -DCORE_M3 -D__USE_CMSIS=CMSISv2p00_LPC17xx -D__LPC17XX__ -D__REDLIB__ -O0 -g3 -Wall -c -fmessage-length=0 -fno-builtin -ffunction-sections -fdata-sections -mcpu=cortex-m3 -mthumb -specs=redlib.specs -MMD -MP -MF"src/lcd.d" -MT"src/lcd.o" -MT"src/lcd.d" -o "src/lcd.o" "../src/lcd.c"
../src/lcd.c:7:21: fatal error: LPC17xx.h: No such file or directory
 #include "LPC17xx.h"
                     ^
compilation terminated.
make: *** [src/lcd.o] Error 1
19:14:29 **** Incremental Build of configuration Debug for project drivers_lcd ****
make -r all 
Building file: ../src/cr_startup_lpc175x_6x.c
Invoking: MCU C Compiler
arm-none-eabi-gcc -DDEBUG -D__CODE_RED -DCORE_M3 -D__USE_CMSIS=CMSISv2p00_LPC17xx -D__LPC17XX__ -D__REDLIB__ -I"C:\ejemplo\CMSISv2p00_LPC17xx" -O0 -g3 -Wall -c -fmessage-length=0 -fno-builtin -ffunction-sections -fdata-sections -mcpu=cortex-m3 -mthumb -specs=redlib.specs -MMD -MP -MF"src/cr_startup_lpc175x_6x.d" -MT"src/cr_startup_lpc175x_6x.o" -MT"src/cr_startup_lpc175x_6x.d" -o "src/cr_startup_lpc175x_6x.o" "../src/cr_startup_lpc175x_6x.c"
Finished building: ../src/cr_startup_lpc175x_6x.c
 
Building file: ../src/crp.c
Invoking: MCU C Compiler
arm-none-eabi-gcc -DDEBUG -D__CODE_RED -DCORE_M3 -D__USE_CMSIS=CMSISv2p00_LPC17xx -D__LPC17XX__ -D__REDLIB__ -I"C:\ejemplo\CMSISv2p00_LPC17xx" -O0 -g3 -Wall -c -fmessage-length=0 -fno-builtin -ffunction-sections -fdata-sections -mcpu=cortex-m3 -mthumb -specs=redlib.specs -MMD -MP -MF"src/crp.d" -MT"src/crp.o" -MT"src/crp.d" -o "src/crp.o" "../src/crp.c"
Finished building: ../src/crp.c
 
Building file: ../src/lcd.c
Invoking: MCU C Compiler
arm-none-eabi-gcc -DDEBUG -D__CODE_RED -DCORE_M3 -D__USE_CMSIS=CMSISv2p00_LPC17xx -D__LPC17XX__ -D__REDLIB__ -I"C:\ejemplo\CMSISv2p00_LPC17xx" -O0 -g3 -Wall -c -fmessage-length=0 -fno-builtin -ffunction-sections -fdata-sections -mcpu=cortex-m3 -mthumb -specs=redlib.specs -MMD -MP -MF"src/lcd.d" -MT"src/lcd.o" -MT"src/lcd.d" -o "src/lcd.o" "../src/lcd.c"
../src/lcd.c:7:21: fatal error: LPC17xx.h: No such file or directory
 #include "LPC17xx.h"
                     ^
compilation terminated.
make: *** [src/lcd.o] Error 1
19:15:14 **** Incremental Build of configuration Debug for project drivers_lcd ****
make -r all 
Building file: ../src/cr_startup_lpc175x_6x.c
Invoking: MCU C Compiler
arm-none-eabi-gcc -DDEBUG -D__CODE_RED -DCORE_M3 -D__USE_CMSIS=CMSISv2p00_LPC17xx -D__LPC17XX__ -D__REDLIB__ -I"C:\ejemplo\CMSISv2p00_LPC17xx" -I"C:\ejemplo\CMSISv2p00_LPC17xx" -O0 -g3 -Wall -c -fmessage-length=0 -fno-builtin -ffunction-sections -fdata-sections -mcpu=cortex-m3 -mthumb -specs=redlib.specs -MMD -MP -MF"src/cr_startup_lpc175x_6x.d" -MT"src/cr_startup_lpc175x_6x.o" -MT"src/cr_startup_lpc175x_6x.d" -o "src/cr_startup_lpc175x_6x.o" "../src/cr_startup_lpc175x_6x.c"
Finished building: ../src/cr_startup_lpc175x_6x.c
 
Building file: ../src/crp.c
Invoking: MCU C Compiler
arm-none-eabi-gcc -DDEBUG -D__CODE_RED -DCORE_M3 -D__USE_CMSIS=CMSISv2p00_LPC17xx -D__LPC17XX__ -D__REDLIB__ -I"C:\ejemplo\CMSISv2p00_LPC17xx" -I"C:\ejemplo\CMSISv2p00_LPC17xx" -O0 -g3 -Wall -c -fmessage-length=0 -fno-builtin -ffunction-sections -fdata-sections -mcpu=cortex-m3 -mthumb -specs=redlib.specs -MMD -MP -MF"src/crp.d" -MT"src/crp.o" -MT"src/crp.d" -o "src/crp.o" "../src/crp.c"
Finished building: ../src/crp.c
 
Building file: ../src/lcd.c
Invoking: MCU C Compiler
arm-none-eabi-gcc -DDEBUG -D__CODE_RED -DCORE_M3 -D__USE_CMSIS=CMSISv2p00_LPC17xx -D__LPC17XX__ -D__REDLIB__ -I"C:\ejemplo\CMSISv2p00_LPC17xx" -I"C:\ejemplo\CMSISv2p00_LPC17xx" -O0 -g3 -Wall -c -fmessage-length=0 -fno-builtin -ffunction-sections -fdata-sections -mcpu=cortex-m3 -mthumb -specs=redlib.specs -MMD -MP -MF"src/lcd.d" -MT"src/lcd.o" -MT"src/lcd.d" -o "src/lcd.o" "../src/lcd.c"
../src/lcd.c:7:21: fatal error: LPC17xx.h: No such file or directory
 #include "LPC17xx.h"
                     ^
compilation terminated.
make: *** [src/lcd.o] Error 1
19:16:13 **** Incremental Build of configuration Debug for project drivers_lcd ****
make -r all 
Building file: ../src/cr_startup_lpc175x_6x.c
Invoking: MCU C Compiler
arm-none-eabi-gcc -DDEBUG -D__CODE_RED -DCORE_M3 -D__USE_CMSIS=CMSISv2p00_LPC17xx -D__LPC17XX__ -D__REDLIB__ -I"C:\ejemplo\CMSISv2p00_LPC17xx" -I"C:\ejemplo\CMSISv2p00_LPC17xx" -I"C:\ejemplo\CMSISv2p00_LPC17xx" -O0 -g3 -Wall -c -fmessage-length=0 -fno-builtin -ffunction-sections -fdata-sections -mcpu=cortex-m3 -mthumb -specs=redlib.specs -MMD -MP -MF"src/cr_startup_lpc175x_6x.d" -MT"src/cr_startup_lpc175x_6x.o" -MT"src/cr_startup_lpc175x_6x.d" -o "src/cr_startup_lpc175x_6x.o" "../src/cr_startup_lpc175x_6x.c"
Finished building: ../src/cr_startup_lpc175x_6x.c
 
Building file: ../src/crp.c
Invoking: MCU C Compiler
arm-none-eabi-gcc -DDEBUG -D__CODE_RED -DCORE_M3 -D__USE_CMSIS=CMSISv2p00_LPC17xx -D__LPC17XX__ -D__REDLIB__ -I"C:\ejemplo\CMSISv2p00_LPC17xx" -I"C:\ejemplo\CMSISv2p00_LPC17xx" -I"C:\ejemplo\CMSISv2p00_LPC17xx" -O0 -g3 -Wall -c -fmessage-length=0 -fno-builtin -ffunction-sections -fdata-sections -mcpu=cortex-m3 -mthumb -specs=redlib.specs -MMD -MP -MF"src/crp.d" -MT"src/crp.o" -MT"src/crp.d" -o "src/crp.o" "../src/crp.c"
Finished building: ../src/crp.c
 
Building file: ../src/lcd.c
Invoking: MCU C Compiler
arm-none-eabi-gcc -DDEBUG -D__CODE_RED -DCORE_M3 -D__USE_CMSIS=CMSISv2p00_LPC17xx -D__LPC17XX__ -D__REDLIB__ -I"C:\ejemplo\CMSISv2p00_LPC17xx" -I"C:\ejemplo\CMSISv2p00_LPC17xx" -I"C:\ejemplo\CMSISv2p00_LPC17xx" -O0 -g3 -Wall -c -fmessage-length=0 -fno-builtin -ffunction-sections -fdata-sections -mcpu=cortex-m3 -mthumb -specs=redlib.specs -MMD -MP -MF"src/lcd.d" -MT"src/lcd.o" -MT"src/lcd.d" -o "src/lcd.o" "../src/lcd.c"
../src/lcd.c:7:21: fatal error: LPC17xx.h: No such file or directory
 #include "LPC17xx.h"
                     ^
compilation terminated.
make: *** [src/lcd.o] Error 1
19:16:26 **** Incremental Build of configuration Debug for project drivers_lcd ****
make -r all 
Building file: ../src/lcd.c
Invoking: MCU C Compiler
arm-none-eabi-gcc -DDEBUG -D__CODE_RED -DCORE_M3 -D__USE_CMSIS=CMSISv2p00_LPC17xx -D__LPC17XX__ -D__REDLIB__ -I"C:\ejemplo\CMSISv2p00_LPC17xx" -I"C:\ejemplo\CMSISv2p00_LPC17xx" -I"C:\ejemplo\CMSISv2p00_LPC17xx" -O0 -g3 -Wall -c -fmessage-length=0 -fno-builtin -ffunction-sections -fdata-sections -mcpu=cortex-m3 -mthumb -specs=redlib.specs -MMD -MP -MF"src/lcd.d" -MT"src/lcd.o" -MT"src/lcd.d" -o "src/lcd.o" "../src/lcd.c"
../src/lcd.c:7:21: fatal error: LPC17xx.h: No such file or directory
 #include "LPC17xx.h"
                     ^
compilation terminated.
make: *** [src/lcd.o] Error 1
19:16:55 **** Incremental Build of configuration Debug for project drivers_lcd ****
make -r all 
Building file: ../src/lcd.c
Invoking: MCU C Compiler
arm-none-eabi-gcc -DDEBUG -D__CODE_RED -DCORE_M3 -D__USE_CMSIS=CMSISv2p00_LPC17xx -D__LPC17XX__ -D__REDLIB__ -I"C:\ejemplo\CMSISv2p00_LPC17xx" -I"C:\ejemplo\CMSISv2p00_LPC17xx" -I"C:\ejemplo\CMSISv2p00_LPC17xx" -O0 -g3 -Wall -c -fmessage-length=0 -fno-builtin -ffunction-sections -fdata-sections -mcpu=cortex-m3 -mthumb -specs=redlib.specs -MMD -MP -MF"src/lcd.d" -MT"src/lcd.o" -MT"src/lcd.d" -o "src/lcd.o" "../src/lcd.c"
../src/lcd.c:7:21: fatal error: LPC17xx.h: No such file or directory
 #include "LPC17xx.h"
                     ^
compilation terminated.
make: *** [src/lcd.o] Error 1
19:17:47 **** Incremental Build of configuration Debug for project CMSISv2p00_LPC17xx ****
make -r all 
make: Nothing to be done for `all'.
19:17:53 **** Incremental Build of configuration Debug for project drivers_lcd ****
make -r all 
Building file: ../src/cr_startup_lpc175x_6x.c
Invoking: MCU C Compiler
arm-none-eabi-gcc -DDEBUG -D__CODE_RED -DCORE_M3 -D__USE_CMSIS=CMSISv2p00_LPC17xx -D__LPC17XX__ -D__REDLIB__ -I"C:\ejemplo\CMSISv2p00_LPC17xx\inc" -I"C:\ejemplo\CMSISv2p00_LPC17xx" -I"C:\ejemplo\CMSISv2p00_LPC17xx" -I"C:\ejemplo\CMSISv2p00_LPC17xx" -I"C:\ejemplo\CMSISv2p00_LPC17xx\inc" -O0 -g3 -Wall -c -fmessage-length=0 -fno-builtin -ffunction-sections -fdata-sections -mcpu=cortex-m3 -mthumb -specs=redlib.specs -MMD -MP -MF"src/cr_startup_lpc175x_6x.d" -MT"src/cr_startup_lpc175x_6x.o" -MT"src/cr_startup_lpc175x_6x.d" -o "src/cr_startup_lpc175x_6x.o" "../src/cr_startup_lpc175x_6x.c"
Finished building: ../src/cr_startup_lpc175x_6x.c
 
Building file: ../src/crp.c
Invoking: MCU C Compiler
arm-none-eabi-gcc -DDEBUG -D__CODE_RED -DCORE_M3 -D__USE_CMSIS=CMSISv2p00_LPC17xx -D__LPC17XX__ -D__REDLIB__ -I"C:\ejemplo\CMSISv2p00_LPC17xx\inc" -I"C:\ejemplo\CMSISv2p00_LPC17xx" -I"C:\ejemplo\CMSISv2p00_LPC17xx" -I"C:\ejemplo\CMSISv2p00_LPC17xx" -I"C:\ejemplo\CMSISv2p00_LPC17xx\inc" -O0 -g3 -Wall -c -fmessage-length=0 -fno-builtin -ffunction-sections -fdata-sections -mcpu=cortex-m3 -mthumb -specs=redlib.specs -MMD -MP -MF"src/crp.d" -MT"src/crp.o" -MT"src/crp.d" -o "src/crp.o" "../src/crp.c"
Finished building: ../src/crp.c
 
Building file: ../src/lcd.c
Invoking: MCU C Compiler
arm-none-eabi-gcc -DDEBUG -D__CODE_RED -DCORE_M3 -D__USE_CMSIS=CMSISv2p00_LPC17xx -D__LPC17XX__ -D__REDLIB__ -I"C:\ejemplo\CMSISv2p00_LPC17xx\inc" -I"C:\ejemplo\CMSISv2p00_LPC17xx" -I"C:\ejemplo\CMSISv2p00_LPC17xx" -I"C:\ejemplo\CMSISv2p00_LPC17xx" -I"C:\ejemplo\CMSISv2p00_LPC17xx\inc" -O0 -g3 -Wall -c -fmessage-length=0 -fno-builtin -ffunction-sections -fdata-sections -mcpu=cortex-m3 -mthumb -specs=redlib.specs -MMD -MP -MF"src/lcd.d" -MT"src/lcd.o" -MT"src/lcd.d" -o "src/lcd.o" "../src/lcd.c"
../src/lcd.c: In function 'lcd_gotoxy':
../src/lcd.c:182:8: warning: unused variable 'nibble' [-Wunused-variable]
    int nibble;
        ^
Finished building: ../src/lcd.c
 
Building file: ../src/main-lcd.c
Invoking: MCU C Compiler
arm-none-eabi-gcc -DDEBUG -D__CODE_RED -DCORE_M3 -D__USE_CMSIS=CMSISv2p00_LPC17xx -D__LPC17XX__ -D__REDLIB__ -I"C:\ejemplo\CMSISv2p00_LPC17xx\inc" -I"C:\ejemplo\CMSISv2p00_LPC17xx" -I"C:\ejemplo\CMSISv2p00_LPC17xx" -I"C:\ejemplo\CMSISv2p00_LPC17xx" -I"C:\ejemplo\CMSISv2p00_LPC17xx\inc" -O0 -g3 -Wall -c -fmessage-length=0 -fno-builtin -ffunction-sections -fdata-sections -mcpu=cortex-m3 -mthumb -specs=redlib.specs -MMD -MP -MF"src/main-lcd.d" -MT"src/main-lcd.o" -MT"src/main-lcd.d" -o "src/main-lcd.o" "../src/main-lcd.c"
../src/main-lcd.c:12:0: warning: "__USE_CMSIS" redefined
 #define __USE_CMSIS
 ^
<command-line>:0:0: note: this is the location of the previous definition
../src/main-lcd.c:24:6: warning: return type of 'main' is not 'int' [-Wmain]
 void main(void) {
      ^
Finished building: ../src/main-lcd.c
 
Building file: ../src/puertos.c
Invoking: MCU C Compiler
arm-none-eabi-gcc -DDEBUG -D__CODE_RED -DCORE_M3 -D__USE_CMSIS=CMSISv2p00_LPC17xx -D__LPC17XX__ -D__REDLIB__ -I"C:\ejemplo\CMSISv2p00_LPC17xx\inc" -I"C:\ejemplo\CMSISv2p00_LPC17xx" -I"C:\ejemplo\CMSISv2p00_LPC17xx" -I"C:\ejemplo\CMSISv2p00_LPC17xx" -I"C:\ejemplo\CMSISv2p00_LPC17xx\inc" -O0 -g3 -Wall -c -fmessage-length=0 -fno-builtin -ffunction-sections -fdata-sections -mcpu=cortex-m3 -mthumb -specs=redlib.specs -MMD -MP -MF"src/puertos.d" -MT"src/puertos.o" -MT"src/puertos.d" -o "src/puertos.o" "../src/puertos.c"
../src/puertos.c:10:0: warning: "__USE_CMSIS" redefined
 #define __USE_CMSIS
 ^
<command-line>:0:0: note: this is the location of the previous definition
../src/puertos.c: In function 'ifhigh':
../src/puertos.c:86:1: warning: control reaches end of non-void function [-Wreturn-type]
 }
 ^
Finished building: ../src/puertos.c
 
Building target: drivers_lcd.axf
Invoking: MCU Linker
arm-none-eabi-gcc -nostdlib -L"C:\ejemplo\CMSISv2p00_LPC17xx\Debug" -Xlinker -Map="drivers_lcd.map" -Xlinker --gc-sections -mcpu=cortex-m3 -mthumb -T "drivers_lcd_Debug.ld" -o "drivers_lcd.axf"  ./src/cr_startup_lpc175x_6x.o ./src/crp.o ./src/lcd.o ./src/main-lcd.o ./src/puertos.o   -lCMSISv2p00_LPC17xx
Finished building target: drivers_lcd.axf
 
make --no-print-directory post-build
Performing post-build steps
arm-none-eabi-size "drivers_lcd.axf"; # arm-none-eabi-objcopy -v -O binary "drivers_lcd.axf" "drivers_lcd.bin" ; # checksum -p LPC1769 -d "drivers_lcd.bin";
   text	   data	    bss	    dec	    hex	filename
   4364	     84	      8	   4456	   1168	drivers_lcd.axf
 
19:22:08 **** Incremental Build of configuration Debug for project CMSISv2p00_LPC17xx ****
make -r all 
make: Nothing to be done for `all'.
19:22:13 **** Build of configuration Debug for project drivers_uart_ejemplo_uno ****
make -r all 
Building file: ../src/Copy of crp.c
Invoking: MCU C Compiler
arm-none-eabi-gcc -DDEBUG -D__CODE_RED -DCORE_M3 -D__USE_CMSIS=CMSISv2p00_LPC17xx -D__LPC17XX__ -D__REDLIB__ -I"C:\ejemplo\CMSISv2p00_LPC17xx\inc" -O0 -g3 -Wall -c -fmessage-length=0 -fno-builtin -ffunction-sections -fdata-sections -mcpu=cortex-m3 -mthumb -specs=redlib.specs -MMD -MP -MF"src/Copy of crp.d" -MT"src/Copy\ of\ crp.d" -o "src/Copy of crp.o" "../src/Copy of crp.c"
Finished building: ../src/Copy of crp.c
 
Building file: ../src/cr_startup_lpc175x_6x.c
Invoking: MCU C Compiler
arm-none-eabi-gcc -DDEBUG -D__CODE_RED -DCORE_M3 -D__USE_CMSIS=CMSISv2p00_LPC17xx -D__LPC17XX__ -D__REDLIB__ -I"C:\ejemplo\CMSISv2p00_LPC17xx\inc" -O0 -g3 -Wall -c -fmessage-length=0 -fno-builtin -ffunction-sections -fdata-sections -mcpu=cortex-m3 -mthumb -specs=redlib.specs -MMD -MP -MF"src/cr_startup_lpc175x_6x.d" -MT"src/cr_startup_lpc175x_6x.o" -MT"src/cr_startup_lpc175x_6x.d" -o "src/cr_startup_lpc175x_6x.o" "../src/cr_startup_lpc175x_6x.c"
Finished building: ../src/cr_startup_lpc175x_6x.c
 
Building file: ../src/crp.c
Invoking: MCU C Compiler
arm-none-eabi-gcc -DDEBUG -D__CODE_RED -DCORE_M3 -D__USE_CMSIS=CMSISv2p00_LPC17xx -D__LPC17XX__ -D__REDLIB__ -I"C:\ejemplo\CMSISv2p00_LPC17xx\inc" -O0 -g3 -Wall -c -fmessage-length=0 -fno-builtin -ffunction-sections -fdata-sections -mcpu=cortex-m3 -mthumb -specs=redlib.specs -MMD -MP -MF"src/crp.d" -MT"src/crp.o" -MT"src/crp.d" -o "src/crp.o" "../src/crp.c"
Finished building: ../src/crp.c
 
Building file: ../src/main-uart.c
Invoking: MCU C Compiler
arm-none-eabi-gcc -DDEBUG -D__CODE_RED -DCORE_M3 -D__USE_CMSIS=CMSISv2p00_LPC17xx -D__LPC17XX__ -D__REDLIB__ -I"C:\ejemplo\CMSISv2p00_LPC17xx\inc" -O0 -g3 -Wall -c -fmessage-length=0 -fno-builtin -ffunction-sections -fdata-sections -mcpu=cortex-m3 -mthumb -specs=redlib.specs -MMD -MP -MF"src/main-uart.d" -MT"src/main-uart.o" -MT"src/main-uart.d" -o "src/main-uart.o" "../src/main-uart.c"
../src/main-uart.c:3:23: fatal error: LPC_types.h: No such file or directory
 #include "LPC_types.h"
                       ^
compilation terminated.
make: *** [src/main-uart.o] Error 1
19:22:47 **** Incremental Build of configuration Debug for project CMSISv2p00_LPC17xx ****
make -r all 
make: Nothing to be done for `all'.
19:22:52 **** Incremental Build of configuration Debug for project drivers_uart_ejemplo_uno ****
make -r all 
Building file: ../src/Copy of crp.c
Invoking: MCU C Compiler
arm-none-eabi-gcc -DDEBUG -D__CODE_RED -DCORE_M3 -D__USE_CMSIS=CMSISv2p00_LPC17xx -D__LPC17XX__ -D__REDLIB__ -I"C:\ejemplo\CMSISv2p00_LPC17xx\inc" -I"C:\ejemplo\CMSISv2p00_LPC17xx\inc" -O0 -g3 -Wall -c -fmessage-length=0 -fno-builtin -ffunction-sections -fdata-sections -mcpu=cortex-m3 -mthumb -specs=redlib.specs -MMD -MP -MF"src/Copy of crp.d" -MT"src/Copy\ of\ crp.d" -o "src/Copy of crp.o" "../src/Copy of crp.c"
Finished building: ../src/Copy of crp.c
 
Building file: ../src/cr_startup_lpc175x_6x.c
Invoking: MCU C Compiler
arm-none-eabi-gcc -DDEBUG -D__CODE_RED -DCORE_M3 -D__USE_CMSIS=CMSISv2p00_LPC17xx -D__LPC17XX__ -D__REDLIB__ -I"C:\ejemplo\CMSISv2p00_LPC17xx\inc" -I"C:\ejemplo\CMSISv2p00_LPC17xx\inc" -O0 -g3 -Wall -c -fmessage-length=0 -fno-builtin -ffunction-sections -fdata-sections -mcpu=cortex-m3 -mthumb -specs=redlib.specs -MMD -MP -MF"src/cr_startup_lpc175x_6x.d" -MT"src/cr_startup_lpc175x_6x.o" -MT"src/cr_startup_lpc175x_6x.d" -o "src/cr_startup_lpc175x_6x.o" "../src/cr_startup_lpc175x_6x.c"
Finished building: ../src/cr_startup_lpc175x_6x.c
 
Building file: ../src/crp.c
Invoking: MCU C Compiler
arm-none-eabi-gcc -DDEBUG -D__CODE_RED -DCORE_M3 -D__USE_CMSIS=CMSISv2p00_LPC17xx -D__LPC17XX__ -D__REDLIB__ -I"C:\ejemplo\CMSISv2p00_LPC17xx\inc" -I"C:\ejemplo\CMSISv2p00_LPC17xx\inc" -O0 -g3 -Wall -c -fmessage-length=0 -fno-builtin -ffunction-sections -fdata-sections -mcpu=cortex-m3 -mthumb -specs=redlib.specs -MMD -MP -MF"src/crp.d" -MT"src/crp.o" -MT"src/crp.d" -o "src/crp.o" "../src/crp.c"
Finished building: ../src/crp.c
 
Building file: ../src/main-uart.c
Invoking: MCU C Compiler
arm-none-eabi-gcc -DDEBUG -D__CODE_RED -DCORE_M3 -D__USE_CMSIS=CMSISv2p00_LPC17xx -D__LPC17XX__ -D__REDLIB__ -I"C:\ejemplo\CMSISv2p00_LPC17xx\inc" -I"C:\ejemplo\CMSISv2p00_LPC17xx\inc" -O0 -g3 -Wall -c -fmessage-length=0 -fno-builtin -ffunction-sections -fdata-sections -mcpu=cortex-m3 -mthumb -specs=redlib.specs -MMD -MP -MF"src/main-uart.d" -MT"src/main-uart.o" -MT"src/main-uart.d" -o "src/main-uart.o" "../src/main-uart.c"
../src/main-uart.c:3:23: fatal error: LPC_types.h: No such file or directory
 #include "LPC_types.h"
                       ^
compilation terminated.
make: *** [src/main-uart.o] Error 1
19:23:20 **** Incremental Build of configuration Debug for project CMSISv2p00_LPC17xx ****
make -r all 
make: Nothing to be done for `all'.
19:23:25 **** Incremental Build of configuration Debug for project drivers_uart_ejemplo_uno ****
make -r all 
Building file: ../src/main-uart.c
Invoking: MCU C Compiler
arm-none-eabi-gcc -DDEBUG -D__CODE_RED -DCORE_M3 -D__USE_CMSIS=CMSISv2p00_LPC17xx -D__LPC17XX__ -D__REDLIB__ -I"C:\ejemplo\CMSISv2p00_LPC17xx\inc" -I"C:\ejemplo\CMSISv2p00_LPC17xx\inc" -O0 -g3 -Wall -c -fmessage-length=0 -fno-builtin -ffunction-sections -fdata-sections -mcpu=cortex-m3 -mthumb -specs=redlib.specs -MMD -MP -MF"src/main-uart.d" -MT"src/main-uart.o" -MT"src/main-uart.d" -o "src/main-uart.o" "../src/main-uart.c"
Finished building: ../src/main-uart.c
 
Building file: ../src/uart.c
Invoking: MCU C Compiler
arm-none-eabi-gcc -DDEBUG -D__CODE_RED -DCORE_M3 -D__USE_CMSIS=CMSISv2p00_LPC17xx -D__LPC17XX__ -D__REDLIB__ -I"C:\ejemplo\CMSISv2p00_LPC17xx\inc" -I"C:\ejemplo\CMSISv2p00_LPC17xx\inc" -O0 -g3 -Wall -c -fmessage-length=0 -fno-builtin -ffunction-sections -fdata-sections -mcpu=cortex-m3 -mthumb -specs=redlib.specs -MMD -MP -MF"src/uart.d" -MT"src/uart.o" -MT"src/uart.d" -o "src/uart.o" "../src/uart.c"
Finished building: ../src/uart.c
 
Building target: drivers_uart_ejemplo_uno.axf
Invoking: MCU Linker
arm-none-eabi-gcc -nostdlib -L"C:\ejemplo\CMSISv2p00_LPC17xx\Debug" -Xlinker -Map="drivers_uart_ejemplo_uno.map" -Xlinker --gc-sections -mcpu=cortex-m3 -mthumb -T "drivers_uart_ejemplo_uno_Debug.ld" -o "drivers_uart_ejemplo_uno.axf"  ./src/Copy\ of\ crp.o ./src/cr_startup_lpc175x_6x.o ./src/crp.o ./src/main-uart.o ./src/uart.o   -lCMSISv2p00_LPC17xx
./src/crp.o:(.crp+0x0): multiple definition of `CRP_WORD'
./src/Copy of crp.o:(.crp+0x0): first defined here
collect2.exe: error: ld returned 1 exit status
make: *** [drivers_uart_ejemplo_uno.axf] Error 1
19:23:59 **** Incremental Build of configuration Debug for project CMSISv2p00_LPC17xx ****
make -r all 
make: Nothing to be done for `all'.
19:24:04 **** Incremental Build of configuration Debug for project drivers_uart_ejemplo_uno ****
make -r all 
Building target: drivers_uart_ejemplo_uno.axf
Invoking: MCU Linker
arm-none-eabi-gcc -nostdlib -L"C:\ejemplo\CMSISv2p00_LPC17xx\Debug" -Xlinker -Map="drivers_uart_ejemplo_uno.map" -Xlinker --gc-sections -mcpu=cortex-m3 -mthumb -T "drivers_uart_ejemplo_uno_Debug.ld" -o "drivers_uart_ejemplo_uno.axf"  ./src/Copy\ of\ crp.o ./src/cr_startup_lpc175x_6x.o ./src/crp.o ./src/main-uart.o ./src/uart.o   -lCMSISv2p00_LPC17xx
./src/crp.o:(.crp+0x0): multiple definition of `CRP_WORD'
./src/Copy of crp.o:(.crp+0x0): first defined here
collect2.exe: error: ld returned 1 exit status
make: *** [drivers_uart_ejemplo_uno.axf] Error 1
19:25:06 **** Incremental Build of configuration Debug for project CMSISv2p00_LPC17xx ****
make -r all 
make: Nothing to be done for `all'.
19:25:11 **** Incremental Build of configuration Debug for project drivers_lcd ****
make -r all 
make: Nothing to be done for `all'.
19:25:33 **** Incremental Build of configuration Debug for project CMSISv2p00_LPC17xx ****
make -r all 
make: Nothing to be done for `all'.
19:25:38 **** Incremental Build of configuration Debug for project drivers_uart_ejemplo_uno ****
make -r all 
Building target: drivers_uart_ejemplo_uno.axf
Invoking: MCU Linker
arm-none-eabi-gcc -nostdlib -L"C:\ejemplo\CMSISv2p00_LPC17xx\Debug" -Xlinker -Map="drivers_uart_ejemplo_uno.map" -Xlinker --gc-sections -mcpu=cortex-m3 -mthumb -T "drivers_uart_ejemplo_uno_Debug.ld" -o "drivers_uart_ejemplo_uno.axf"  ./src/Copy\ of\ crp.o ./src/cr_startup_lpc175x_6x.o ./src/crp.o ./src/main-uart.o ./src/uart.o   -lCMSISv2p00_LPC17xx
./src/crp.o:(.crp+0x0): multiple definition of `CRP_WORD'
./src/Copy of crp.o:(.crp+0x0): first defined here
collect2.exe: error: ld returned 1 exit status
make: *** [drivers_uart_ejemplo_uno.axf] Error 1
19:26:32 **** Incremental Build of configuration Debug for project CMSISv2p00_LPC17xx ****
make -r all 
make: Nothing to be done for `all'.
19:26:37 **** Incremental Build of configuration Debug for project drivers_uart_ejemplo_uno ****
make -r all 
Building file: ../src/Copy of crp.c
Invoking: MCU C Compiler
arm-none-eabi-gcc -DDEBUG -D__CODE_RED -DCORE_M3 -D__USE_CMSIS=CMSISv2p00_LPC17xx -D__LPC17XX__ -D__REDLIB__ -I"C:\ejemplo\CMSISv2p00_LPC17xx\inc" -O0 -g3 -Wall -c -fmessage-length=0 -fno-builtin -ffunction-sections -fdata-sections -mcpu=cortex-m3 -mthumb -specs=redlib.specs -MMD -MP -MF"src/Copy of crp.d" -MT"src/Copy\ of\ crp.d" -o "src/Copy of crp.o" "../src/Copy of crp.c"
Finished building: ../src/Copy of crp.c
 
Building file: ../src/cr_startup_lpc175x_6x.c
Invoking: MCU C Compiler
arm-none-eabi-gcc -DDEBUG -D__CODE_RED -DCORE_M3 -D__USE_CMSIS=CMSISv2p00_LPC17xx -D__LPC17XX__ -D__REDLIB__ -I"C:\ejemplo\CMSISv2p00_LPC17xx\inc" -O0 -g3 -Wall -c -fmessage-length=0 -fno-builtin -ffunction-sections -fdata-sections -mcpu=cortex-m3 -mthumb -specs=redlib.specs -MMD -MP -MF"src/cr_startup_lpc175x_6x.d" -MT"src/cr_startup_lpc175x_6x.o" -MT"src/cr_startup_lpc175x_6x.d" -o "src/cr_startup_lpc175x_6x.o" "../src/cr_startup_lpc175x_6x.c"
Finished building: ../src/cr_startup_lpc175x_6x.c
 
Building file: ../src/crp.c
Invoking: MCU C Compiler
arm-none-eabi-gcc -DDEBUG -D__CODE_RED -DCORE_M3 -D__USE_CMSIS=CMSISv2p00_LPC17xx -D__LPC17XX__ -D__REDLIB__ -I"C:\ejemplo\CMSISv2p00_LPC17xx\inc" -O0 -g3 -Wall -c -fmessage-length=0 -fno-builtin -ffunction-sections -fdata-sections -mcpu=cortex-m3 -mthumb -specs=redlib.specs -MMD -MP -MF"src/crp.d" -MT"src/crp.o" -MT"src/crp.d" -o "src/crp.o" "../src/crp.c"
Finished building: ../src/crp.c
 
Building file: ../src/main-uart.c
Invoking: MCU C Compiler
arm-none-eabi-gcc -DDEBUG -D__CODE_RED -DCORE_M3 -D__USE_CMSIS=CMSISv2p00_LPC17xx -D__LPC17XX__ -D__REDLIB__ -I"C:\ejemplo\CMSISv2p00_LPC17xx\inc" -O0 -g3 -Wall -c -fmessage-length=0 -fno-builtin -ffunction-sections -fdata-sections -mcpu=cortex-m3 -mthumb -specs=redlib.specs -MMD -MP -MF"src/main-uart.d" -MT"src/main-uart.o" -MT"src/main-uart.d" -o "src/main-uart.o" "../src/main-uart.c"
Finished building: ../src/main-uart.c
 
Building file: ../src/uart.c
Invoking: MCU C Compiler
arm-none-eabi-gcc -DDEBUG -D__CODE_RED -DCORE_M3 -D__USE_CMSIS=CMSISv2p00_LPC17xx -D__LPC17XX__ -D__REDLIB__ -I"C:\ejemplo\CMSISv2p00_LPC17xx\inc" -O0 -g3 -Wall -c -fmessage-length=0 -fno-builtin -ffunction-sections -fdata-sections -mcpu=cortex-m3 -mthumb -specs=redlib.specs -MMD -MP -MF"src/uart.d" -MT"src/uart.o" -MT"src/uart.d" -o "src/uart.o" "../src/uart.c"
Finished building: ../src/uart.c
 
Building target: drivers_uart_ejemplo_uno.axf
Invoking: MCU Linker
arm-none-eabi-gcc -nostdlib -L"C:\ejemplo\CMSISv2p00_LPC17xx\Debug" -Xlinker -Map="drivers_uart_ejemplo_uno.map" -Xlinker --gc-sections -mcpu=cortex-m3 -mthumb -T "drivers_uart_ejemplo_uno_Debug.ld" -o "drivers_uart_ejemplo_uno.axf"  ./src/Copy\ of\ crp.o ./src/cr_startup_lpc175x_6x.o ./src/crp.o ./src/main-uart.o ./src/uart.o   -lCMSISv2p00_LPC17xx
./src/crp.o:(.crp+0x0): multiple definition of `CRP_WORD'
./src/Copy of crp.o:(.crp+0x0): first defined here
collect2.exe: error: ld returned 1 exit status
make: *** [drivers_uart_ejemplo_uno.axf] Error 1
19:29:36 **** Clean-only build of configuration Debug for project CMSISv2p00_LPC17xx ****
make -r clean 
rm -rf  ./src/core_cm3.o ./src/system_LPC17xx.o  ./src/core_cm3.d ./src/system_LPC17xx.d  libCMSISv2p00_LPC17xx.a
 
19:29:37 **** Clean-only build of configuration Debug for project drivers_uart_ejemplo_uno ****
make -r clean 
rm -rf  ./src/Copy\ of\ crp.o ./src/cr_startup_lpc175x_6x.o ./src/crp.o ./src/main-uart.o ./src/uart.o  ./src/Copy\ of\ crp.d ./src/cr_startup_lpc175x_6x.d ./src/crp.d ./src/main-uart.d ./src/uart.d  drivers_uart_ejemplo_uno.axf
 
19:29:41 **** Build of configuration Debug for project CMSISv2p00_LPC17xx ****
make -r all 
Building file: ../src/core_cm3.c
Invoking: MCU C Compiler
arm-none-eabi-gcc -D__REDLIB__ -DDEBUG -D__CODE_RED -I../inc -O0 -Os -g3 -Wall -c -fmessage-length=0 -fno-builtin -ffunction-sections -fdata-sections -mcpu=cortex-m3 -mthumb -D__REDLIB__ -specs=redlib.specs -MMD -MP -MF"src/core_cm3.d" -MT"src/core_cm3.o" -MT"src/core_cm3.d" -o "src/core_cm3.o" "../src/core_cm3.c"
Finished building: ../src/core_cm3.c
 
Building file: ../src/system_LPC17xx.c
Invoking: MCU C Compiler
arm-none-eabi-gcc -D__REDLIB__ -DDEBUG -D__CODE_RED -I../inc -O0 -Os -g3 -Wall -c -fmessage-length=0 -fno-builtin -ffunction-sections -fdata-sections -mcpu=cortex-m3 -mthumb -D__REDLIB__ -specs=redlib.specs -MMD -MP -MF"src/system_LPC17xx.d" -MT"src/system_LPC17xx.o" -MT"src/system_LPC17xx.d" -o "src/system_LPC17xx.o" "../src/system_LPC17xx.c"
Finished building: ../src/system_LPC17xx.c
 
Building target: libCMSISv2p00_LPC17xx.a
Invoking: MCU Archiver
arm-none-eabi-ar -r  "libCMSISv2p00_LPC17xx.a"  ./src/core_cm3.o ./src/system_LPC17xx.o   
c:\nxp\LPCXpresso_7.7.2_379\lpcxpresso\tools\bin\arm-none-eabi-ar.exe: creating libCMSISv2p00_LPC17xx.a
Finished building target: libCMSISv2p00_LPC17xx.a
 
make --no-print-directory post-build
Performing post-build steps
arm-none-eabi-size libCMSISv2p00_LPC17xx.a ; # arm-none-eabi-objdump -h -S libCMSISv2p00_LPC17xx.a >libCMSISv2p00_LPC17xx.lss
   text	   data	    bss	    dec	    hex	filename
      0	      0	      0	      0	      0	core_cm3.o (ex libCMSISv2p00_LPC17xx.a)
    396	      4	      0	    400	    190	system_LPC17xx.o (ex libCMSISv2p00_LPC17xx.a)
 
19:29:49 **** Build of configuration Debug for project drivers_uart_ejemplo_uno ****
make -r all 
Building file: ../src/Copy of crp.c
Invoking: MCU C Compiler
arm-none-eabi-gcc -DDEBUG -D__CODE_RED -DCORE_M3 -D__USE_CMSIS=CMSISv2p00_LPC17xx -D__LPC17XX__ -D__REDLIB__ -I"C:\ejemplo\CMSISv2p00_LPC17xx\inc" -O0 -g3 -Wall -c -fmessage-length=0 -fno-builtin -ffunction-sections -fdata-sections -mcpu=cortex-m3 -mthumb -specs=redlib.specs -MMD -MP -MF"src/Copy of crp.d" -MT"src/Copy\ of\ crp.d" -o "src/Copy of crp.o" "../src/Copy of crp.c"
Finished building: ../src/Copy of crp.c
 
Building file: ../src/cr_startup_lpc175x_6x.c
Invoking: MCU C Compiler
arm-none-eabi-gcc -DDEBUG -D__CODE_RED -DCORE_M3 -D__USE_CMSIS=CMSISv2p00_LPC17xx -D__LPC17XX__ -D__REDLIB__ -I"C:\ejemplo\CMSISv2p00_LPC17xx\inc" -O0 -g3 -Wall -c -fmessage-length=0 -fno-builtin -ffunction-sections -fdata-sections -mcpu=cortex-m3 -mthumb -specs=redlib.specs -MMD -MP -MF"src/cr_startup_lpc175x_6x.d" -MT"src/cr_startup_lpc175x_6x.o" -MT"src/cr_startup_lpc175x_6x.d" -o "src/cr_startup_lpc175x_6x.o" "../src/cr_startup_lpc175x_6x.c"
Finished building: ../src/cr_startup_lpc175x_6x.c
 
Building file: ../src/crp.c
Invoking: MCU C Compiler
arm-none-eabi-gcc -DDEBUG -D__CODE_RED -DCORE_M3 -D__USE_CMSIS=CMSISv2p00_LPC17xx -D__LPC17XX__ -D__REDLIB__ -I"C:\ejemplo\CMSISv2p00_LPC17xx\inc" -O0 -g3 -Wall -c -fmessage-length=0 -fno-builtin -ffunction-sections -fdata-sections -mcpu=cortex-m3 -mthumb -specs=redlib.specs -MMD -MP -MF"src/crp.d" -MT"src/crp.o" -MT"src/crp.d" -o "src/crp.o" "../src/crp.c"
Finished building: ../src/crp.c
 
Building file: ../src/main-uart.c
Invoking: MCU C Compiler
arm-none-eabi-gcc -DDEBUG -D__CODE_RED -DCORE_M3 -D__USE_CMSIS=CMSISv2p00_LPC17xx -D__LPC17XX__ -D__REDLIB__ -I"C:\ejemplo\CMSISv2p00_LPC17xx\inc" -O0 -g3 -Wall -c -fmessage-length=0 -fno-builtin -ffunction-sections -fdata-sections -mcpu=cortex-m3 -mthumb -specs=redlib.specs -MMD -MP -MF"src/main-uart.d" -MT"src/main-uart.o" -MT"src/main-uart.d" -o "src/main-uart.o" "../src/main-uart.c"
Finished building: ../src/main-uart.c
 
Building file: ../src/uart.c
Invoking: MCU C Compiler
arm-none-eabi-gcc -DDEBUG -D__CODE_RED -DCORE_M3 -D__USE_CMSIS=CMSISv2p00_LPC17xx -D__LPC17XX__ -D__REDLIB__ -I"C:\ejemplo\CMSISv2p00_LPC17xx\inc" -O0 -g3 -Wall -c -fmessage-length=0 -fno-builtin -ffunction-sections -fdata-sections -mcpu=cortex-m3 -mthumb -specs=redlib.specs -MMD -MP -MF"src/uart.d" -MT"src/uart.o" -MT"src/uart.d" -o "src/uart.o" "../src/uart.c"
Finished building: ../src/uart.c
 
Building target: drivers_uart_ejemplo_uno.axf
Invoking: MCU Linker
arm-none-eabi-gcc -nostdlib -L"C:\ejemplo\CMSISv2p00_LPC17xx\Debug" -Xlinker -Map="drivers_uart_ejemplo_uno.map" -Xlinker --gc-sections -mcpu=cortex-m3 -mthumb -T "drivers_uart_ejemplo_uno_Debug.ld" -o "drivers_uart_ejemplo_uno.axf"  ./src/Copy\ of\ crp.o ./src/cr_startup_lpc175x_6x.o ./src/crp.o ./src/main-uart.o ./src/uart.o   -lCMSISv2p00_LPC17xx
./src/crp.o:(.crp+0x0): multiple definition of `CRP_WORD'
./src/Copy of crp.o:(.crp+0x0): first defined here
collect2.exe: error: ld returned 1 exit status
make: *** [drivers_uart_ejemplo_uno.axf] Error 1
19:30:55 **** Incremental Build of configuration Debug for project CMSISv2p00_LPC17xx ****
make -r all 
make: Nothing to be done for `all'.
19:31:00 **** Incremental Build of configuration Debug for project drivers_uart_ejemplo_uno ****
make -r all 
Building file: ../src/drivers_uart_ejemplo_uno.c
Invoking: MCU C Compiler
arm-none-eabi-gcc -DDEBUG -D__CODE_RED -DCORE_M3 -D__USE_CMSIS=CMSISv2p00_LPC17xx -D__LPC17XX__ -D__REDLIB__ -I"C:\ejemplo\CMSISv2p00_LPC17xx\inc" -O0 -g3 -Wall -c -fmessage-length=0 -fno-builtin -ffunction-sections -fdata-sections -mcpu=cortex-m3 -mthumb -specs=redlib.specs -MMD -MP -MF"src/drivers_uart_ejemplo_uno.d" -MT"src/drivers_uart_ejemplo_uno.o" -MT"src/drivers_uart_ejemplo_uno.d" -o "src/drivers_uart_ejemplo_uno.o" "../src/drivers_uart_ejemplo_uno.c"
Finished building: ../src/drivers_uart_ejemplo_uno.c
 
Building target: drivers_uart_ejemplo_uno.axf
Invoking: MCU Linker
arm-none-eabi-gcc -nostdlib -L"C:\ejemplo\CMSISv2p00_LPC17xx\Debug" -Xlinker -Map="drivers_uart_ejemplo_uno.map" -Xlinker --gc-sections -mcpu=cortex-m3 -mthumb -T "drivers_uart_ejemplo_uno_Debug.ld" -o "drivers_uart_ejemplo_uno.axf"  ./src/Copy\ of\ crp.o ./src/cr_startup_lpc175x_6x.o ./src/crp.o ./src/drivers_uart_ejemplo_uno.o ./src/uart.o   -lCMSISv2p00_LPC17xx
./src/crp.o:(.crp+0x0): multiple definition of `CRP_WORD'
./src/Copy of crp.o:(.crp+0x0): first defined here
collect2.exe: error: ld returned 1 exit status
make: *** [drivers_uart_ejemplo_uno.axf] Error 1
19:31:47 **** Clean-only build of configuration Debug for project CMSISv2p00_LPC17xx ****
make -r clean 
rm -rf  ./src/core_cm3.o ./src/system_LPC17xx.o  ./src/core_cm3.d ./src/system_LPC17xx.d  libCMSISv2p00_LPC17xx.a
 
19:31:47 **** Clean-only build of configuration Debug for project drivers_uart_ejemplo_uno ****
make -r clean 
rm -rf  ./src/Copy\ of\ crp.o ./src/cr_startup_lpc175x_6x.o ./src/crp.o ./src/drivers_uart_ejemplo_uno.o ./src/uart.o  ./src/Copy\ of\ crp.d ./src/cr_startup_lpc175x_6x.d ./src/crp.d ./src/drivers_uart_ejemplo_uno.d ./src/uart.d  drivers_uart_ejemplo_uno.axf
 
19:31:52 **** Build of configuration Debug for project CMSISv2p00_LPC17xx ****
make -r all 
Building file: ../src/core_cm3.c
Invoking: MCU C Compiler
arm-none-eabi-gcc -D__REDLIB__ -DDEBUG -D__CODE_RED -I../inc -O0 -Os -g3 -Wall -c -fmessage-length=0 -fno-builtin -ffunction-sections -fdata-sections -mcpu=cortex-m3 -mthumb -D__REDLIB__ -specs=redlib.specs -MMD -MP -MF"src/core_cm3.d" -MT"src/core_cm3.o" -MT"src/core_cm3.d" -o "src/core_cm3.o" "../src/core_cm3.c"
Finished building: ../src/core_cm3.c
 
Building file: ../src/system_LPC17xx.c
Invoking: MCU C Compiler
arm-none-eabi-gcc -D__REDLIB__ -DDEBUG -D__CODE_RED -I../inc -O0 -Os -g3 -Wall -c -fmessage-length=0 -fno-builtin -ffunction-sections -fdata-sections -mcpu=cortex-m3 -mthumb -D__REDLIB__ -specs=redlib.specs -MMD -MP -MF"src/system_LPC17xx.d" -MT"src/system_LPC17xx.o" -MT"src/system_LPC17xx.d" -o "src/system_LPC17xx.o" "../src/system_LPC17xx.c"
Finished building: ../src/system_LPC17xx.c
 
Building target: libCMSISv2p00_LPC17xx.a
Invoking: MCU Archiver
arm-none-eabi-ar -r  "libCMSISv2p00_LPC17xx.a"  ./src/core_cm3.o ./src/system_LPC17xx.o   
c:\nxp\LPCXpresso_7.7.2_379\lpcxpresso\tools\bin\arm-none-eabi-ar.exe: creating libCMSISv2p00_LPC17xx.a
Finished building target: libCMSISv2p00_LPC17xx.a
 
make --no-print-directory post-build
Performing post-build steps
arm-none-eabi-size libCMSISv2p00_LPC17xx.a ; # arm-none-eabi-objdump -h -S libCMSISv2p00_LPC17xx.a >libCMSISv2p00_LPC17xx.lss
   text	   data	    bss	    dec	    hex	filename
      0	      0	      0	      0	      0	core_cm3.o (ex libCMSISv2p00_LPC17xx.a)
    396	      4	      0	    400	    190	system_LPC17xx.o (ex libCMSISv2p00_LPC17xx.a)
 
19:32:00 **** Build of configuration Debug for project drivers_uart_ejemplo_uno ****
make -r all 
Building file: ../src/Copy of crp.c
Invoking: MCU C Compiler
arm-none-eabi-gcc -DDEBUG -D__CODE_RED -DCORE_M3 -D__USE_CMSIS=CMSISv2p00_LPC17xx -D__LPC17XX__ -D__REDLIB__ -I"C:\ejemplo\CMSISv2p00_LPC17xx\inc" -O0 -g3 -Wall -c -fmessage-length=0 -fno-builtin -ffunction-sections -fdata-sections -mcpu=cortex-m3 -mthumb -specs=redlib.specs -MMD -MP -MF"src/Copy of crp.d" -MT"src/Copy\ of\ crp.d" -o "src/Copy of crp.o" "../src/Copy of crp.c"
Finished building: ../src/Copy of crp.c
 
Building file: ../src/cr_startup_lpc175x_6x.c
Invoking: MCU C Compiler
arm-none-eabi-gcc -DDEBUG -D__CODE_RED -DCORE_M3 -D__USE_CMSIS=CMSISv2p00_LPC17xx -D__LPC17XX__ -D__REDLIB__ -I"C:\ejemplo\CMSISv2p00_LPC17xx\inc" -O0 -g3 -Wall -c -fmessage-length=0 -fno-builtin -ffunction-sections -fdata-sections -mcpu=cortex-m3 -mthumb -specs=redlib.specs -MMD -MP -MF"src/cr_startup_lpc175x_6x.d" -MT"src/cr_startup_lpc175x_6x.o" -MT"src/cr_startup_lpc175x_6x.d" -o "src/cr_startup_lpc175x_6x.o" "../src/cr_startup_lpc175x_6x.c"
Finished building: ../src/cr_startup_lpc175x_6x.c
 
Building file: ../src/crp.c
Invoking: MCU C Compiler
arm-none-eabi-gcc -DDEBUG -D__CODE_RED -DCORE_M3 -D__USE_CMSIS=CMSISv2p00_LPC17xx -D__LPC17XX__ -D__REDLIB__ -I"C:\ejemplo\CMSISv2p00_LPC17xx\inc" -O0 -g3 -Wall -c -fmessage-length=0 -fno-builtin -ffunction-sections -fdata-sections -mcpu=cortex-m3 -mthumb -specs=redlib.specs -MMD -MP -MF"src/crp.d" -MT"src/crp.o" -MT"src/crp.d" -o "src/crp.o" "../src/crp.c"
Finished building: ../src/crp.c
 
Building file: ../src/drivers_uart_ejemplo_uno.c
Invoking: MCU C Compiler
arm-none-eabi-gcc -DDEBUG -D__CODE_RED -DCORE_M3 -D__USE_CMSIS=CMSISv2p00_LPC17xx -D__LPC17XX__ -D__REDLIB__ -I"C:\ejemplo\CMSISv2p00_LPC17xx\inc" -O0 -g3 -Wall -c -fmessage-length=0 -fno-builtin -ffunction-sections -fdata-sections -mcpu=cortex-m3 -mthumb -specs=redlib.specs -MMD -MP -MF"src/drivers_uart_ejemplo_uno.d" -MT"src/drivers_uart_ejemplo_uno.o" -MT"src/drivers_uart_ejemplo_uno.d" -o "src/drivers_uart_ejemplo_uno.o" "../src/drivers_uart_ejemplo_uno.c"
Finished building: ../src/drivers_uart_ejemplo_uno.c
 
Building file: ../src/uart.c
Invoking: MCU C Compiler
arm-none-eabi-gcc -DDEBUG -D__CODE_RED -DCORE_M3 -D__USE_CMSIS=CMSISv2p00_LPC17xx -D__LPC17XX__ -D__REDLIB__ -I"C:\ejemplo\CMSISv2p00_LPC17xx\inc" -O0 -g3 -Wall -c -fmessage-length=0 -fno-builtin -ffunction-sections -fdata-sections -mcpu=cortex-m3 -mthumb -specs=redlib.specs -MMD -MP -MF"src/uart.d" -MT"src/uart.o" -MT"src/uart.d" -o "src/uart.o" "../src/uart.c"
Finished building: ../src/uart.c
 
Building target: drivers_uart_ejemplo_uno.axf
Invoking: MCU Linker
arm-none-eabi-gcc -nostdlib -L"C:\ejemplo\CMSISv2p00_LPC17xx\Debug" -Xlinker -Map="drivers_uart_ejemplo_uno.map" -Xlinker --gc-sections -mcpu=cortex-m3 -mthumb -T "drivers_uart_ejemplo_uno_Debug.ld" -o "drivers_uart_ejemplo_uno.axf"  ./src/Copy\ of\ crp.o ./src/cr_startup_lpc175x_6x.o ./src/crp.o ./src/drivers_uart_ejemplo_uno.o ./src/uart.o   -lCMSISv2p00_LPC17xx
./src/crp.o:(.crp+0x0): multiple definition of `CRP_WORD'
./src/Copy of crp.o:(.crp+0x0): first defined here
collect2.exe: error: ld returned 1 exit status
make: *** [drivers_uart_ejemplo_uno.axf] Error 1
19:33:09 **** Clean-only build of configuration Release for project driver_uart_uno ****
make -r clean 
rm -rf  ./src/cr_startup_lpc175x_6x.o ./src/crp.o ./src/lcd.o ./src/main-uart.o ./src/puertos.o ./src/uart.o  ./src/cr_startup_lpc175x_6x.d ./src/crp.d ./src/lcd.d ./src/main-uart.d ./src/puertos.d ./src/uart.d  driver_uart_uno_ok.axf
 
19:33:13 **** Build of configuration Release for project driver_uart_uno ****
make -r all 
Building file: ../src/cr_startup_lpc175x_6x.c
Invoking: MCU C Compiler
arm-none-eabi-gcc -DNDEBUG -D__CODE_RED -DCORE_M3 -D__USE_CMSIS=CMSIS_CORE_LPC17xx -D__LPC17XX__ -D__REDLIB__ -Os -g -Wall -c -fmessage-length=0 -fno-builtin -ffunction-sections -fdata-sections -mcpu=cortex-m3 -mthumb -specs=redlib.specs -MMD -MP -MF"src/cr_startup_lpc175x_6x.d" -MT"src/cr_startup_lpc175x_6x.o" -MT"src/cr_startup_lpc175x_6x.d" -o "src/cr_startup_lpc175x_6x.o" "../src/cr_startup_lpc175x_6x.c"
Finished building: ../src/cr_startup_lpc175x_6x.c
 
Building file: ../src/crp.c
Invoking: MCU C Compiler
arm-none-eabi-gcc -DNDEBUG -D__CODE_RED -DCORE_M3 -D__USE_CMSIS=CMSIS_CORE_LPC17xx -D__LPC17XX__ -D__REDLIB__ -Os -g -Wall -c -fmessage-length=0 -fno-builtin -ffunction-sections -fdata-sections -mcpu=cortex-m3 -mthumb -specs=redlib.specs -MMD -MP -MF"src/crp.d" -MT"src/crp.o" -MT"src/crp.d" -o "src/crp.o" "../src/crp.c"
Finished building: ../src/crp.c
 
Building file: ../src/lcd.c
Invoking: MCU C Compiler
arm-none-eabi-gcc -DNDEBUG -D__CODE_RED -DCORE_M3 -D__USE_CMSIS=CMSIS_CORE_LPC17xx -D__LPC17XX__ -D__REDLIB__ -Os -g -Wall -c -fmessage-length=0 -fno-builtin -ffunction-sections -fdata-sections -mcpu=cortex-m3 -mthumb -specs=redlib.specs -MMD -MP -MF"src/lcd.d" -MT"src/lcd.o" -MT"src/lcd.d" -o "src/lcd.o" "../src/lcd.c"
../src/lcd.c:7:21: fatal error: LPC17xx.h: No such file or directory
 #include "LPC17xx.h"
                     ^
compilation terminated.
make: *** [src/lcd.o] Error 1
19:34:15 **** Build of configuration Release for project driver_uart_uno ****
make -r all 
Building file: ../src/cr_startup_lpc175x_6x.c
Invoking: MCU C Compiler
arm-none-eabi-gcc -DNDEBUG -D__CODE_RED -DCORE_M3 -D__USE_CMSIS=CMSIS_CORE_LPC17xx -D__LPC17XX__ -D__REDLIB__ -Os -g -Wall -c -fmessage-length=0 -fno-builtin -ffunction-sections -fdata-sections -mcpu=cortex-m3 -mthumb -specs=redlib.specs -MMD -MP -MF"src/cr_startup_lpc175x_6x.d" -MT"src/cr_startup_lpc175x_6x.o" -MT"src/cr_startup_lpc175x_6x.d" -o "src/cr_startup_lpc175x_6x.o" "../src/cr_startup_lpc175x_6x.c"
Finished building: ../src/cr_startup_lpc175x_6x.c
 
Building file: ../src/crp.c
Invoking: MCU C Compiler
arm-none-eabi-gcc -DNDEBUG -D__CODE_RED -DCORE_M3 -D__USE_CMSIS=CMSIS_CORE_LPC17xx -D__LPC17XX__ -D__REDLIB__ -Os -g -Wall -c -fmessage-length=0 -fno-builtin -ffunction-sections -fdata-sections -mcpu=cortex-m3 -mthumb -specs=redlib.specs -MMD -MP -MF"src/crp.d" -MT"src/crp.o" -MT"src/crp.d" -o "src/crp.o" "../src/crp.c"
Finished building: ../src/crp.c
 
Building file: ../src/main-uart.c
Invoking: MCU C Compiler
arm-none-eabi-gcc -DNDEBUG -D__CODE_RED -DCORE_M3 -D__USE_CMSIS=CMSIS_CORE_LPC17xx -D__LPC17XX__ -D__REDLIB__ -Os -g -Wall -c -fmessage-length=0 -fno-builtin -ffunction-sections -fdata-sections -mcpu=cortex-m3 -mthumb -specs=redlib.specs -MMD -MP -MF"src/main-uart.d" -MT"src/main-uart.o" -MT"src/main-uart.d" -o "src/main-uart.o" "../src/main-uart.c"
../src/main-uart.c:2:21: fatal error: lpc17xx.h: No such file or directory
 #include "lpc17xx.h"
                     ^
compilation terminated.
make: *** [src/main-uart.o] Error 1
19:35:23 **** Clean-only build of configuration Release for project driver_uart_uno ****
make -r clean 
rm -rf  ./src/cr_startup_lpc175x_6x.o ./src/crp.o ./src/main-uart.o ./src/puertos.o ./src/uart.o  ./src/cr_startup_lpc175x_6x.d ./src/crp.d ./src/main-uart.d ./src/puertos.d ./src/uart.d  driver_uart_uno.axf
 
19:35:31 **** Build of configuration Release for project driver_uart_uno ****
make -r all 
Building file: ../src/cr_startup_lpc175x_6x.c
Invoking: MCU C Compiler
arm-none-eabi-gcc -DNDEBUG -D__CODE_RED -DCORE_M3 -D__USE_CMSIS=CMSIS_CORE_LPC17xx -D__LPC17XX__ -D__REDLIB__ -I"C:\ejemplo\CMSISv2p00_LPC17xx\inc" -Os -g -Wall -c -fmessage-length=0 -fno-builtin -ffunction-sections -fdata-sections -mcpu=cortex-m3 -mthumb -specs=redlib.specs -MMD -MP -MF"src/cr_startup_lpc175x_6x.d" -MT"src/cr_startup_lpc175x_6x.o" -MT"src/cr_startup_lpc175x_6x.d" -o "src/cr_startup_lpc175x_6x.o" "../src/cr_startup_lpc175x_6x.c"
Finished building: ../src/cr_startup_lpc175x_6x.c
 
Building file: ../src/crp.c
Invoking: MCU C Compiler
arm-none-eabi-gcc -DNDEBUG -D__CODE_RED -DCORE_M3 -D__USE_CMSIS=CMSIS_CORE_LPC17xx -D__LPC17XX__ -D__REDLIB__ -I"C:\ejemplo\CMSISv2p00_LPC17xx\inc" -Os -g -Wall -c -fmessage-length=0 -fno-builtin -ffunction-sections -fdata-sections -mcpu=cortex-m3 -mthumb -specs=redlib.specs -MMD -MP -MF"src/crp.d" -MT"src/crp.o" -MT"src/crp.d" -o "src/crp.o" "../src/crp.c"
Finished building: ../src/crp.c
 
Building file: ../src/main-uart.c
Invoking: MCU C Compiler
arm-none-eabi-gcc -DNDEBUG -D__CODE_RED -DCORE_M3 -D__USE_CMSIS=CMSIS_CORE_LPC17xx -D__LPC17XX__ -D__REDLIB__ -I"C:\ejemplo\CMSISv2p00_LPC17xx\inc" -Os -g -Wall -c -fmessage-length=0 -fno-builtin -ffunction-sections -fdata-sections -mcpu=cortex-m3 -mthumb -specs=redlib.specs -MMD -MP -MF"src/main-uart.d" -MT"src/main-uart.o" -MT"src/main-uart.d" -o "src/main-uart.o" "../src/main-uart.c"
Finished building: ../src/main-uart.c
 
Building file: ../src/puertos.c
Invoking: MCU C Compiler
arm-none-eabi-gcc -DNDEBUG -D__CODE_RED -DCORE_M3 -D__USE_CMSIS=CMSIS_CORE_LPC17xx -D__LPC17XX__ -D__REDLIB__ -I"C:\ejemplo\CMSISv2p00_LPC17xx\inc" -Os -g -Wall -c -fmessage-length=0 -fno-builtin -ffunction-sections -fdata-sections -mcpu=cortex-m3 -mthumb -specs=redlib.specs -MMD -MP -MF"src/puertos.d" -MT"src/puertos.o" -MT"src/puertos.d" -o "src/puertos.o" "../src/puertos.c"
../src/puertos.c:10:0: warning: "__USE_CMSIS" redefined
 #define __USE_CMSIS
 ^
<command-line>:0:0: note: this is the location of the previous definition
../src/puertos.c: In function 'ifhigh':
../src/puertos.c:86:1: warning: control reaches end of non-void function [-Wreturn-type]
 }
 ^
Finished building: ../src/puertos.c
 
Building file: ../src/uart.c
Invoking: MCU C Compiler
arm-none-eabi-gcc -DNDEBUG -D__CODE_RED -DCORE_M3 -D__USE_CMSIS=CMSIS_CORE_LPC17xx -D__LPC17XX__ -D__REDLIB__ -I"C:\ejemplo\CMSISv2p00_LPC17xx\inc" -Os -g -Wall -c -fmessage-length=0 -fno-builtin -ffunction-sections -fdata-sections -mcpu=cortex-m3 -mthumb -specs=redlib.specs -MMD -MP -MF"src/uart.d" -MT"src/uart.o" -MT"src/uart.d" -o "src/uart.o" "../src/uart.c"
Finished building: ../src/uart.c
 
Building target: driver_uart_uno.axf
Invoking: MCU Linker
arm-none-eabi-gcc -nostdlib -Xlinker -Map="driver_uart_uno.map" -Xlinker --gc-sections -mcpu=cortex-m3 -mthumb -T "driver_uart_dos_Release.ld" -o "driver_uart_uno.axf"  ./src/cr_startup_lpc175x_6x.o ./src/crp.o ./src/main-uart.o ./src/puertos.o ./src/uart.o   -lCMSIS_CORE_LPC17xx
c:/nxp/lpcxpresso_7.7.2_379/lpcxpresso/tools/bin/../lib/gcc/arm-none-eabi/4.9.3/../../../../arm-none-eabi/bin/ld.exe: cannot find -lCMSIS_CORE_LPC17xx
collect2.exe: error: ld returned 1 exit status
make: *** [driver_uart_uno.axf] Error 1
19:35:52 **** Incremental Build of configuration Release for project driver_uart_uno ****
make -r all 
Building file: ../src/cr_startup_lpc175x_6x.c
Invoking: MCU C Compiler
arm-none-eabi-gcc -DNDEBUG -D__CODE_RED -DCORE_M3 -D__USE_CMSIS=CMSIS_CORE_LPC17xx -D__LPC17XX__ -D__REDLIB__ -I"C:\ejemplo\CMSISv2p00_LPC17xx\inc" -Os -g -Wall -c -fmessage-length=0 -fno-builtin -ffunction-sections -fdata-sections -mcpu=cortex-m3 -mthumb -specs=redlib.specs -MMD -MP -MF"src/cr_startup_lpc175x_6x.d" -MT"src/cr_startup_lpc175x_6x.o" -MT"src/cr_startup_lpc175x_6x.d" -o "src/cr_startup_lpc175x_6x.o" "../src/cr_startup_lpc175x_6x.c"
Finished building: ../src/cr_startup_lpc175x_6x.c
 
Building file: ../src/crp.c
Invoking: MCU C Compiler
arm-none-eabi-gcc -DNDEBUG -D__CODE_RED -DCORE_M3 -D__USE_CMSIS=CMSIS_CORE_LPC17xx -D__LPC17XX__ -D__REDLIB__ -I"C:\ejemplo\CMSISv2p00_LPC17xx\inc" -Os -g -Wall -c -fmessage-length=0 -fno-builtin -ffunction-sections -fdata-sections -mcpu=cortex-m3 -mthumb -specs=redlib.specs -MMD -MP -MF"src/crp.d" -MT"src/crp.o" -MT"src/crp.d" -o "src/crp.o" "../src/crp.c"
Finished building: ../src/crp.c
 
Building file: ../src/main-uart.c
Invoking: MCU C Compiler
arm-none-eabi-gcc -DNDEBUG -D__CODE_RED -DCORE_M3 -D__USE_CMSIS=CMSIS_CORE_LPC17xx -D__LPC17XX__ -D__REDLIB__ -I"C:\ejemplo\CMSISv2p00_LPC17xx\inc" -Os -g -Wall -c -fmessage-length=0 -fno-builtin -ffunction-sections -fdata-sections -mcpu=cortex-m3 -mthumb -specs=redlib.specs -MMD -MP -MF"src/main-uart.d" -MT"src/main-uart.o" -MT"src/main-uart.d" -o "src/main-uart.o" "../src/main-uart.c"
Finished building: ../src/main-uart.c
 
Building file: ../src/puertos.c
Invoking: MCU C Compiler
arm-none-eabi-gcc -DNDEBUG -D__CODE_RED -DCORE_M3 -D__USE_CMSIS=CMSIS_CORE_LPC17xx -D__LPC17XX__ -D__REDLIB__ -I"C:\ejemplo\CMSISv2p00_LPC17xx\inc" -Os -g -Wall -c -fmessage-length=0 -fno-builtin -ffunction-sections -fdata-sections -mcpu=cortex-m3 -mthumb -specs=redlib.specs -MMD -MP -MF"src/puertos.d" -MT"src/puertos.o" -MT"src/puertos.d" -o "src/puertos.o" "../src/puertos.c"
../src/puertos.c:10:0: warning: "__USE_CMSIS" redefined
 #define __USE_CMSIS
 ^
<command-line>:0:0: note: this is the location of the previous definition
../src/puertos.c: In function 'ifhigh':
../src/puertos.c:86:1: warning: control reaches end of non-void function [-Wreturn-type]
 }
 ^
Finished building: ../src/puertos.c
 
Building file: ../src/uart.c
Invoking: MCU C Compiler
arm-none-eabi-gcc -DNDEBUG -D__CODE_RED -DCORE_M3 -D__USE_CMSIS=CMSIS_CORE_LPC17xx -D__LPC17XX__ -D__REDLIB__ -I"C:\ejemplo\CMSISv2p00_LPC17xx\inc" -Os -g -Wall -c -fmessage-length=0 -fno-builtin -ffunction-sections -fdata-sections -mcpu=cortex-m3 -mthumb -specs=redlib.specs -MMD -MP -MF"src/uart.d" -MT"src/uart.o" -MT"src/uart.d" -o "src/uart.o" "../src/uart.c"
Finished building: ../src/uart.c
 
Building target: driver_uart_uno.axf
Invoking: MCU Linker
arm-none-eabi-gcc -nostdlib -Xlinker -Map="driver_uart_uno.map" -Xlinker --gc-sections -mcpu=cortex-m3 -mthumb -T "driver_uart_dos_Release.ld" -o "driver_uart_uno.axf"  ./src/cr_startup_lpc175x_6x.o ./src/crp.o ./src/main-uart.o ./src/puertos.o ./src/uart.o   -lCMSIS_CORE_LPC17xx
c:/nxp/lpcxpresso_7.7.2_379/lpcxpresso/tools/bin/../lib/gcc/arm-none-eabi/4.9.3/../../../../arm-none-eabi/bin/ld.exe: cannot find -lCMSIS_CORE_LPC17xx
collect2.exe: error: ld returned 1 exit status
make: *** [driver_uart_uno.axf] Error 1
19:40:04 **** Incremental Build of configuration Debug for project CMSISv2p00_LPC17xx ****
make -r all 
make: Nothing to be done for `all'.
19:40:08 **** Build of configuration Debug for project drivers_uart_ejemplo_uno ****
make -r all 
Building file: ../src/cr_startup_lpc175x_6x.c
Invoking: MCU C Compiler
arm-none-eabi-gcc -DDEBUG -D__CODE_RED -DCORE_M3 -D__USE_CMSIS=CMSISv2p00_LPC17xx -D__LPC17XX__ -D__REDLIB__ -I"C:\ejemplo\CMSISv2p00_LPC17xx\inc" -O0 -g3 -Wall -c -fmessage-length=0 -fno-builtin -ffunction-sections -fdata-sections -mcpu=cortex-m3 -mthumb -specs=redlib.specs -MMD -MP -MF"src/cr_startup_lpc175x_6x.d" -MT"src/cr_startup_lpc175x_6x.o" -MT"src/cr_startup_lpc175x_6x.d" -o "src/cr_startup_lpc175x_6x.o" "../src/cr_startup_lpc175x_6x.c"
Finished building: ../src/cr_startup_lpc175x_6x.c
 
Building file: ../src/crp.c
Invoking: MCU C Compiler
arm-none-eabi-gcc -DDEBUG -D__CODE_RED -DCORE_M3 -D__USE_CMSIS=CMSISv2p00_LPC17xx -D__LPC17XX__ -D__REDLIB__ -I"C:\ejemplo\CMSISv2p00_LPC17xx\inc" -O0 -g3 -Wall -c -fmessage-length=0 -fno-builtin -ffunction-sections -fdata-sections -mcpu=cortex-m3 -mthumb -specs=redlib.specs -MMD -MP -MF"src/crp.d" -MT"src/crp.o" -MT"src/crp.d" -o "src/crp.o" "../src/crp.c"
Finished building: ../src/crp.c
 
Building file: ../src/drivers_uart_ejemplo_uno.c
Invoking: MCU C Compiler
arm-none-eabi-gcc -DDEBUG -D__CODE_RED -DCORE_M3 -D__USE_CMSIS=CMSISv2p00_LPC17xx -D__LPC17XX__ -D__REDLIB__ -I"C:\ejemplo\CMSISv2p00_LPC17xx\inc" -O0 -g3 -Wall -c -fmessage-length=0 -fno-builtin -ffunction-sections -fdata-sections -mcpu=cortex-m3 -mthumb -specs=redlib.specs -MMD -MP -MF"src/drivers_uart_ejemplo_uno.d" -MT"src/drivers_uart_ejemplo_uno.o" -MT"src/drivers_uart_ejemplo_uno.d" -o "src/drivers_uart_ejemplo_uno.o" "../src/drivers_uart_ejemplo_uno.c"
Finished building: ../src/drivers_uart_ejemplo_uno.c
 
Building file: ../src/main-uart.c
Invoking: MCU C Compiler
arm-none-eabi-gcc -DDEBUG -D__CODE_RED -DCORE_M3 -D__USE_CMSIS=CMSISv2p00_LPC17xx -D__LPC17XX__ -D__REDLIB__ -I"C:\ejemplo\CMSISv2p00_LPC17xx\inc" -O0 -g3 -Wall -c -fmessage-length=0 -fno-builtin -ffunction-sections -fdata-sections -mcpu=cortex-m3 -mthumb -specs=redlib.specs -MMD -MP -MF"src/main-uart.d" -MT"src/main-uart.o" -MT"src/main-uart.d" -o "src/main-uart.o" "../src/main-uart.c"
../src/main-uart.c:3:23: fatal error: LPC_types.h: No such file or directory
 #include "LPC_types.h"
                       ^
compilation terminated.
make: *** [src/main-uart.o] Error 1
19:40:36 **** Incremental Build of configuration Debug for project CMSISv2p00_LPC17xx ****
make -r all 
make: Nothing to be done for `all'.
19:40:41 **** Incremental Build of configuration Debug for project drivers_uart_ejemplo_uno ****
make -r all 
Building file: ../src/main-uart.c
Invoking: MCU C Compiler
arm-none-eabi-gcc -DDEBUG -D__CODE_RED -DCORE_M3 -D__USE_CMSIS=CMSISv2p00_LPC17xx -D__LPC17XX__ -D__REDLIB__ -I"C:\ejemplo\CMSISv2p00_LPC17xx\inc" -O0 -g3 -Wall -c -fmessage-length=0 -fno-builtin -ffunction-sections -fdata-sections -mcpu=cortex-m3 -mthumb -specs=redlib.specs -MMD -MP -MF"src/main-uart.d" -MT"src/main-uart.o" -MT"src/main-uart.d" -o "src/main-uart.o" "../src/main-uart.c"
Finished building: ../src/main-uart.c
 
Building file: ../src/uart.c
Invoking: MCU C Compiler
arm-none-eabi-gcc -DDEBUG -D__CODE_RED -DCORE_M3 -D__USE_CMSIS=CMSISv2p00_LPC17xx -D__LPC17XX__ -D__REDLIB__ -I"C:\ejemplo\CMSISv2p00_LPC17xx\inc" -O0 -g3 -Wall -c -fmessage-length=0 -fno-builtin -ffunction-sections -fdata-sections -mcpu=cortex-m3 -mthumb -specs=redlib.specs -MMD -MP -MF"src/uart.d" -MT"src/uart.o" -MT"src/uart.d" -o "src/uart.o" "../src/uart.c"
Finished building: ../src/uart.c
 
Building target: drivers_uart_ejemplo_uno.axf
Invoking: MCU Linker
arm-none-eabi-gcc -nostdlib -L"C:\ejemplo\CMSISv2p00_LPC17xx\Debug" -Xlinker -Map="drivers_uart_ejemplo_uno.map" -Xlinker --gc-sections -mcpu=cortex-m3 -mthumb -T "drivers_uart_ejemplo_uno_Debug.ld" -o "drivers_uart_ejemplo_uno.axf"  ./src/cr_startup_lpc175x_6x.o ./src/crp.o ./src/drivers_uart_ejemplo_uno.o ./src/main-uart.o ./src/uart.o   -lCMSISv2p00_LPC17xx
./src/main-uart.o: In function `main':
C:\ejemplo\drivers_uart_ejemplo_uno\Debug/../src/main-uart.c:7: multiple definition of `main'
./src/drivers_uart_ejemplo_uno.o:C:\ejemplo\drivers_uart_ejemplo_uno\Debug/../src/drivers_uart_ejemplo_uno.c:21: first defined here
collect2.exe: error: ld returned 1 exit status
make: *** [drivers_uart_ejemplo_uno.axf] Error 1
19:41:26 **** Incremental Build of configuration Debug for project CMSISv2p00_LPC17xx ****
make -r all 
make: Nothing to be done for `all'.
19:41:31 **** Incremental Build of configuration Debug for project drivers_uart_ejemplo_uno ****
make -r all 
Building file: ../src/main-uart.c
Invoking: MCU C Compiler
arm-none-eabi-gcc -DDEBUG -D__CODE_RED -DCORE_M3 -D__USE_CMSIS=CMSISv2p00_LPC17xx -D__LPC17XX__ -D__REDLIB__ -I"C:\ejemplo\CMSISv2p00_LPC17xx\inc" -O0 -g3 -Wall -c -fmessage-length=0 -fno-builtin -ffunction-sections -fdata-sections -mcpu=cortex-m3 -mthumb -specs=redlib.specs -MMD -MP -MF"src/main-uart.d" -MT"src/main-uart.o" -MT"src/main-uart.d" -o "src/main-uart.o" "../src/main-uart.c"
../src/main-uart.c: In function 'main':
../src/main-uart.c:29:1: error: expected ';' before '}' token
 }
 ^
make: *** [src/main-uart.o] Error 1
19:41:49 **** Incremental Build of configuration Debug for project CMSISv2p00_LPC17xx ****
make -r all 
make: Nothing to be done for `all'.
19:41:54 **** Incremental Build of configuration Debug for project drivers_uart_ejemplo_uno ****
make -r all 
Building file: ../src/main-uart.c
Invoking: MCU C Compiler
arm-none-eabi-gcc -DDEBUG -D__CODE_RED -DCORE_M3 -D__USE_CMSIS=CMSISv2p00_LPC17xx -D__LPC17XX__ -D__REDLIB__ -I"C:\ejemplo\CMSISv2p00_LPC17xx\inc" -O0 -g3 -Wall -c -fmessage-length=0 -fno-builtin -ffunction-sections -fdata-sections -mcpu=cortex-m3 -mthumb -specs=redlib.specs -MMD -MP -MF"src/main-uart.d" -MT"src/main-uart.o" -MT"src/main-uart.d" -o "src/main-uart.o" "../src/main-uart.c"
../src/main-uart.c:6:6: warning: return type of 'main' is not 'int' [-Wmain]
 void main (void)
      ^
Finished building: ../src/main-uart.c
 
Building target: drivers_uart_ejemplo_uno.axf
Invoking: MCU Linker
arm-none-eabi-gcc -nostdlib -L"C:\ejemplo\CMSISv2p00_LPC17xx\Debug" -Xlinker -Map="drivers_uart_ejemplo_uno.map" -Xlinker --gc-sections -mcpu=cortex-m3 -mthumb -T "drivers_uart_ejemplo_uno_Debug.ld" -o "drivers_uart_ejemplo_uno.axf"  ./src/cr_startup_lpc175x_6x.o ./src/crp.o ./src/drivers_uart_ejemplo_uno.o ./src/main-uart.o ./src/uart.o   -lCMSISv2p00_LPC17xx
./src/main-uart.o: In function `main':
C:\ejemplo\drivers_uart_ejemplo_uno\Debug/../src/main-uart.c:7: multiple definition of `main'
./src/drivers_uart_ejemplo_uno.o:C:\ejemplo\drivers_uart_ejemplo_uno\Debug/../src/drivers_uart_ejemplo_uno.c:21: first defined here
collect2.exe: error: ld returned 1 exit status
make: *** [drivers_uart_ejemplo_uno.axf] Error 1
19:42:49 **** Incremental Build of configuration Debug for project CMSISv2p00_LPC17xx ****
make -r all 
make: Nothing to be done for `all'.
19:42:54 **** Incremental Build of configuration Debug for project drivers_uart_ejemplo_uno ****
make -r all 
Building file: ../src/main-uart.c
Invoking: MCU C Compiler
arm-none-eabi-gcc -DDEBUG -D__CODE_RED -DCORE_M3 -D__USE_CMSIS=CMSISv2p00_LPC17xx -D__LPC17XX__ -D__REDLIB__ -I"C:\ejemplo\CMSISv2p00_LPC17xx\inc" -O0 -g3 -Wall -c -fmessage-length=0 -fno-builtin -ffunction-sections -fdata-sections -mcpu=cortex-m3 -mthumb -specs=redlib.specs -MMD -MP -MF"src/main-uart.d" -MT"src/main-uart.o" -MT"src/main-uart.d" -o "src/main-uart.o" "../src/main-uart.c"
Finished building: ../src/main-uart.c
 
Building target: drivers_uart_ejemplo_uno.axf
Invoking: MCU Linker
arm-none-eabi-gcc -nostdlib -L"C:\ejemplo\CMSISv2p00_LPC17xx\Debug" -Xlinker -Map="drivers_uart_ejemplo_uno.map" -Xlinker --gc-sections -mcpu=cortex-m3 -mthumb -T "drivers_uart_ejemplo_uno_Debug.ld" -o "drivers_uart_ejemplo_uno.axf"  ./src/cr_startup_lpc175x_6x.o ./src/crp.o ./src/main-uart.o ./src/uart.o   -lCMSISv2p00_LPC17xx
Finished building target: drivers_uart_ejemplo_uno.axf
 
make --no-print-directory post-build
Performing post-build steps
arm-none-eabi-size "drivers_uart_ejemplo_uno.axf"; # arm-none-eabi-objcopy -v -O binary "drivers_uart_ejemplo_uno.axf" "drivers_uart_ejemplo_uno.bin" ; # checksum -p LPC1769 -d "drivers_uart_ejemplo_uno.bin";
   text	   data	    bss	    dec	    hex	filename
   1684	      4	      0	   1688	    698	drivers_uart_ejemplo_uno.axf
 
19:52:25 **** Incremental Build of configuration Debug for project CMSISv2p00_LPC17xx ****
make -r all 
make: Nothing to be done for `all'.
19:52:30 **** Build of configuration Debug for project drivers_uart_ejemplo_dos ****
make -r all 
Building file: ../src/cr_startup_lpc175x_6x.c
Invoking: MCU C Compiler
arm-none-eabi-gcc -DDEBUG -D__CODE_RED -DCORE_M3 -D__USE_CMSIS=CMSISv2p00_LPC17xx -D__LPC17XX__ -D__REDLIB__ -I"C:\ejemplo\CMSISv2p00_LPC17xx\inc" -O0 -g3 -Wall -c -fmessage-length=0 -fno-builtin -ffunction-sections -fdata-sections -mcpu=cortex-m3 -mthumb -specs=redlib.specs -MMD -MP -MF"src/cr_startup_lpc175x_6x.d" -MT"src/cr_startup_lpc175x_6x.o" -MT"src/cr_startup_lpc175x_6x.d" -o "src/cr_startup_lpc175x_6x.o" "../src/cr_startup_lpc175x_6x.c"
Finished building: ../src/cr_startup_lpc175x_6x.c
 
Building file: ../src/crp.c
Invoking: MCU C Compiler
arm-none-eabi-gcc -DDEBUG -D__CODE_RED -DCORE_M3 -D__USE_CMSIS=CMSISv2p00_LPC17xx -D__LPC17XX__ -D__REDLIB__ -I"C:\ejemplo\CMSISv2p00_LPC17xx\inc" -O0 -g3 -Wall -c -fmessage-length=0 -fno-builtin -ffunction-sections -fdata-sections -mcpu=cortex-m3 -mthumb -specs=redlib.specs -MMD -MP -MF"src/crp.d" -MT"src/crp.o" -MT"src/crp.d" -o "src/crp.o" "../src/crp.c"
Finished building: ../src/crp.c
 
Building file: ../src/lcd.c
Invoking: MCU C Compiler
arm-none-eabi-gcc -DDEBUG -D__CODE_RED -DCORE_M3 -D__USE_CMSIS=CMSISv2p00_LPC17xx -D__LPC17XX__ -D__REDLIB__ -I"C:\ejemplo\CMSISv2p00_LPC17xx\inc" -O0 -g3 -Wall -c -fmessage-length=0 -fno-builtin -ffunction-sections -fdata-sections -mcpu=cortex-m3 -mthumb -specs=redlib.specs -MMD -MP -MF"src/lcd.d" -MT"src/lcd.o" -MT"src/lcd.d" -o "src/lcd.o" "../src/lcd.c"
../src/lcd.c:9:21: fatal error: puertos.h: No such file or directory
 #include "puertos.h"
                     ^
compilation terminated.
make: *** [src/lcd.o] Error 1
19:53:13 **** Incremental Build of configuration Debug for project CMSISv2p00_LPC17xx ****
make -r all 
make: Nothing to be done for `all'.
19:53:19 **** Incremental Build of configuration Debug for project drivers_uart_ejemplo_dos ****
make -r all 
Building file: ../src/lcd.c
Invoking: MCU C Compiler
arm-none-eabi-gcc -DDEBUG -D__CODE_RED -DCORE_M3 -D__USE_CMSIS=CMSISv2p00_LPC17xx -D__LPC17XX__ -D__REDLIB__ -I"C:\ejemplo\CMSISv2p00_LPC17xx\inc" -O0 -g3 -Wall -c -fmessage-length=0 -fno-builtin -ffunction-sections -fdata-sections -mcpu=cortex-m3 -mthumb -specs=redlib.specs -MMD -MP -MF"src/lcd.d" -MT"src/lcd.o" -MT"src/lcd.d" -o "src/lcd.o" "../src/lcd.c"
../src/lcd.c: In function 'lcd_gotoxy':
../src/lcd.c:182:8: warning: unused variable 'nibble' [-Wunused-variable]
    int nibble;
        ^
Finished building: ../src/lcd.c
 
Building file: ../src/main-uart.c
Invoking: MCU C Compiler
arm-none-eabi-gcc -DDEBUG -D__CODE_RED -DCORE_M3 -D__USE_CMSIS=CMSISv2p00_LPC17xx -D__LPC17XX__ -D__REDLIB__ -I"C:\ejemplo\CMSISv2p00_LPC17xx\inc" -O0 -g3 -Wall -c -fmessage-length=0 -fno-builtin -ffunction-sections -fdata-sections -mcpu=cortex-m3 -mthumb -specs=redlib.specs -MMD -MP -MF"src/main-uart.d" -MT"src/main-uart.o" -MT"src/main-uart.d" -o "src/main-uart.o" "../src/main-uart.c"
Finished building: ../src/main-uart.c
 
Building file: ../src/puertos.c
Invoking: MCU C Compiler
arm-none-eabi-gcc -DDEBUG -D__CODE_RED -DCORE_M3 -D__USE_CMSIS=CMSISv2p00_LPC17xx -D__LPC17XX__ -D__REDLIB__ -I"C:\ejemplo\CMSISv2p00_LPC17xx\inc" -O0 -g3 -Wall -c -fmessage-length=0 -fno-builtin -ffunction-sections -fdata-sections -mcpu=cortex-m3 -mthumb -specs=redlib.specs -MMD -MP -MF"src/puertos.d" -MT"src/puertos.o" -MT"src/puertos.d" -o "src/puertos.o" "../src/puertos.c"
../src/puertos.c:10:0: warning: "__USE_CMSIS" redefined
 #define __USE_CMSIS
 ^
<command-line>:0:0: note: this is the location of the previous definition
../src/puertos.c: In function 'ifhigh':
../src/puertos.c:86:1: warning: control reaches end of non-void function [-Wreturn-type]
 }
 ^
Finished building: ../src/puertos.c
 
Building file: ../src/uart.c
Invoking: MCU C Compiler
arm-none-eabi-gcc -DDEBUG -D__CODE_RED -DCORE_M3 -D__USE_CMSIS=CMSISv2p00_LPC17xx -D__LPC17XX__ -D__REDLIB__ -I"C:\ejemplo\CMSISv2p00_LPC17xx\inc" -O0 -g3 -Wall -c -fmessage-length=0 -fno-builtin -ffunction-sections -fdata-sections -mcpu=cortex-m3 -mthumb -specs=redlib.specs -MMD -MP -MF"src/uart.d" -MT"src/uart.o" -MT"src/uart.d" -o "src/uart.o" "../src/uart.c"
Finished building: ../src/uart.c
 
Building target: drivers_uart_ejemplo_dos.axf
Invoking: MCU Linker
arm-none-eabi-gcc -nostdlib -L"C:\ejemplo\CMSISv2p00_LPC17xx\Debug" -Xlinker -Map="drivers_uart_ejemplo_dos.map" -Xlinker --gc-sections -mcpu=cortex-m3 -mthumb -T "drivers_uart_ejemplo_dos_Debug.ld" -o "drivers_uart_ejemplo_dos.axf"  ./src/cr_startup_lpc175x_6x.o ./src/crp.o ./src/lcd.o ./src/main-uart.o ./src/puertos.o ./src/uart.o   -lCMSISv2p00_LPC17xx
Finished building target: drivers_uart_ejemplo_dos.axf
 
make --no-print-directory post-build
Performing post-build steps
arm-none-eabi-size "drivers_uart_ejemplo_dos.axf"; # arm-none-eabi-objcopy -v -O binary "drivers_uart_ejemplo_dos.axf" "drivers_uart_ejemplo_dos.bin" ; # checksum -p LPC1769 -d "drivers_uart_ejemplo_dos.bin";
   text	   data	    bss	    dec	    hex	filename
   3940	      4	      8	   3952	    f70	drivers_uart_ejemplo_dos.axf
 
19:56:43 **** Incremental Build of configuration Debug for project CMSISv2p00_LPC17xx ****
make -r all 
make: Nothing to be done for `all'.
19:56:48 **** Build of configuration Debug for project drivers_tarjeta_sd ****
make -r all 
Building file: ../src/SD/ccsbcs.c
Invoking: MCU C Compiler
arm-none-eabi-gcc -DDEBUG -D__CODE_RED -DCORE_M3 -D__USE_CMSIS=CMSISv2p00_LPC17xx -D__LPC17XX__ -D__REDLIB__ -I"C:\ejemplo\CMSISv2p00_LPC17xx\inc" -O0 -g3 -Wall -c -fmessage-length=0 -fno-builtin -ffunction-sections -fdata-sections -mcpu=cortex-m3 -mthumb -specs=redlib.specs -MMD -MP -MF"src/SD/ccsbcs.d" -MT"src/SD/ccsbcs.o" -MT"src/SD/ccsbcs.d" -o "src/SD/ccsbcs.o" "../src/SD/ccsbcs.c"
Finished building: ../src/SD/ccsbcs.c
 
Building file: ../src/SD/comm.c
Invoking: MCU C Compiler
arm-none-eabi-gcc -DDEBUG -D__CODE_RED -DCORE_M3 -D__USE_CMSIS=CMSISv2p00_LPC17xx -D__LPC17XX__ -D__REDLIB__ -I"C:\ejemplo\CMSISv2p00_LPC17xx\inc" -O0 -g3 -Wall -c -fmessage-length=0 -fno-builtin -ffunction-sections -fdata-sections -mcpu=cortex-m3 -mthumb -specs=redlib.specs -MMD -MP -MF"src/SD/comm.d" -MT"src/SD/comm.o" -MT"src/SD/comm.d" -o "src/SD/comm.o" "../src/SD/comm.c"
In file included from ../src/SD/comm.c:20:0:
../src/SD/comm.c: In function 'UART_IntReceive':
C:\ejemplo\CMSISv2p00_LPC17xx\inc/lpc17xx.h:999:31: warning: passing argument 1 of 'UART_Receive' from incompatible pointer type
 #define LPC_UART0             ((LPC_UART0_TypeDef     *) LPC_UART0_BASE    )
                               ^
../src/SD/comm.c:30:19: note: in expansion of macro 'LPC_UART0'
 #define TEST_UART LPC_UART0
                   ^
../src/SD/comm.c:124:23: note: in expansion of macro 'TEST_UART'
   rLen = UART_Receive(TEST_UART, &tmpc, 1, NONE_BLOCKING);
                       ^
In file included from ../src/SD/comm.c:21:0:
../src/SD/lpc17xx_uart.h:608:10: note: expected 'struct LPC_UART_TypeDef *' but argument is of type 'struct LPC_UART0_TypeDef *'
 uint32_t UART_Receive(LPC_UART_TypeDef *UARTx, uint8_t *rxbuf, uint32_t buflen, TRANSFER_BLOCK_Type flag);
          ^
In file included from ../src/SD/comm.c:20:0:
../src/SD/comm.c: In function 'UART_IntTransmit':
C:\ejemplo\CMSISv2p00_LPC17xx\inc/lpc17xx.h:999:31: warning: passing argument 1 of 'UART_IntConfig' from incompatible pointer type
 #define LPC_UART0             ((LPC_UART0_TypeDef     *) LPC_UART0_BASE    )
                               ^
../src/SD/comm.c:30:19: note: in expansion of macro 'LPC_UART0'
 #define TEST_UART LPC_UART0
                   ^
../src/SD/comm.c:153:17: note: in expansion of macro 'TEST_UART'
  UART_IntConfig(TEST_UART, UART_INTCFG_THRE, DISABLE);
                 ^
In file included from ../src/SD/comm.c:21:0:
../src/SD/lpc17xx_uart.h:588:6: note: expected 'struct LPC_UART_TypeDef *' but argument is of type 'struct LPC_UART0_TypeDef *'
 void UART_IntConfig(LPC_UART_TypeDef *UARTx, UART_INT_Type UARTIntCfg, \
      ^
In file included from ../src/SD/comm.c:20:0:
C:\ejemplo\CMSISv2p00_LPC17xx\inc/lpc17xx.h:999:31: warning: passing argument 1 of 'UART_CheckBusy' from incompatible pointer type
 #define LPC_UART0             ((LPC_UART0_TypeDef     *) LPC_UART0_BASE    )
                               ^
../src/SD/comm.c:30:19: note: in expansion of macro 'LPC_UART0'
 #define TEST_UART LPC_UART0
                   ^
../src/SD/comm.c:158:24: note: in expansion of macro 'TEST_UART'
  while (UART_CheckBusy(TEST_UART) == SET)
                        ^
In file included from ../src/SD/comm.c:21:0:
../src/SD/lpc17xx_uart.h:591:12: note: expected 'struct LPC_UART_TypeDef *' but argument is of type 'struct LPC_UART0_TypeDef *'
 FlagStatus UART_CheckBusy(LPC_UART_TypeDef *UARTx);
            ^
In file included from ../src/SD/comm.c:20:0:
C:\ejemplo\CMSISv2p00_LPC17xx\inc/lpc17xx.h:999:31: warning: passing argument 1 of 'UART_Send' from incompatible pointer type
 #define LPC_UART0             ((LPC_UART0_TypeDef     *) LPC_UART0_BASE    )
                               ^
../src/SD/comm.c:30:19: note: in expansion of macro 'LPC_UART0'
 #define TEST_UART LPC_UART0
                   ^
../src/SD/comm.c:164:17: note: in expansion of macro 'TEST_UART'
   if (UART_Send(TEST_UART, (uint8_t *) &rb.tx[rb.tx_tail], 1,
                 ^
In file included from ../src/SD/comm.c:21:0:
../src/SD/lpc17xx_uart.h:607:10: note: expected 'struct LPC_UART_TypeDef *' but argument is of type 'struct LPC_UART0_TypeDef *'
 uint32_t UART_Send(LPC_UART_TypeDef *UARTx, uint8_t *txbuf, uint32_t buflen, TRANSFER_BLOCK_Type flag);
          ^
In file included from ../src/SD/comm.c:20:0:
C:\ejemplo\CMSISv2p00_LPC17xx\inc/lpc17xx.h:999:31: warning: passing argument 1 of 'UART_IntConfig' from incompatible pointer type
 #define LPC_UART0             ((LPC_UART0_TypeDef     *) LPC_UART0_BASE    )
                               ^
../src/SD/comm.c:30:19: note: in expansion of macro 'LPC_UART0'
 #define TEST_UART LPC_UART0
                   ^
../src/SD/comm.c:180:18: note: in expansion of macro 'TEST_UART'
   UART_IntConfig(TEST_UART, UART_INTCFG_THRE, DISABLE);
                  ^
In file included from ../src/SD/comm.c:21:0:
../src/SD/lpc17xx_uart.h:588:6: note: expected 'struct LPC_UART_TypeDef *' but argument is of type 'struct LPC_UART0_TypeDef *'
 void UART_IntConfig(LPC_UART_TypeDef *UARTx, UART_INT_Type UARTIntCfg, \
      ^
In file included from ../src/SD/comm.c:20:0:
C:\ejemplo\CMSISv2p00_LPC17xx\inc/lpc17xx.h:999:31: warning: passing argument 1 of 'UART_IntConfig' from incompatible pointer type
 #define LPC_UART0             ((LPC_UART0_TypeDef     *) LPC_UART0_BASE    )
                               ^
../src/SD/comm.c:30:19: note: in expansion of macro 'LPC_UART0'
 #define TEST_UART LPC_UART0
                   ^
../src/SD/comm.c:188:18: note: in expansion of macro 'TEST_UART'
   UART_IntConfig(TEST_UART, UART_INTCFG_THRE, ENABLE);
                  ^
In file included from ../src/SD/comm.c:21:0:
../src/SD/lpc17xx_uart.h:588:6: note: expected 'struct LPC_UART_TypeDef *' but argument is of type 'struct LPC_UART0_TypeDef *'
 void UART_IntConfig(LPC_UART_TypeDef *UARTx, UART_INT_Type UARTIntCfg, \
      ^
../src/SD/comm.c: In function 'UART_IntErr':
../src/SD/comm.c:199:10: warning: variable 'test' set but not used [-Wunused-but-set-variable]
  uint8_t test;
          ^
In file included from ../src/SD/comm.c:20:0:
../src/SD/comm.c: In function 'uart_init_intern':
C:\ejemplo\CMSISv2p00_LPC17xx\inc/lpc17xx.h:999:31: warning: passing argument 1 of 'UART_Init' from incompatible pointer type
 #define LPC_UART0             ((LPC_UART0_TypeDef     *) LPC_UART0_BASE    )
                               ^
../src/SD/comm.c:30:19: note: in expansion of macro 'LPC_UART0'
 #define TEST_UART LPC_UART0
                   ^
../src/SD/comm.c:354:12: note: in expansion of macro 'TEST_UART'
  UART_Init(TEST_UART, &UARTConfigStruct);
            ^
In file included from ../src/SD/comm.c:21:0:
../src/SD/lpc17xx_uart.h:580:6: note: expected 'struct LPC_UART_TypeDef *' but argument is of type 'struct LPC_UART0_TypeDef *'
 void UART_Init(LPC_UART_TypeDef *UARTx, UART_CFG_Type *UART_ConfigStruct);
      ^
In file included from ../src/SD/comm.c:20:0:
C:\ejemplo\CMSISv2p00_LPC17xx\inc/lpc17xx.h:999:31: warning: passing argument 1 of 'UART_FIFOConfig' from incompatible pointer type
 #define LPC_UART0             ((LPC_UART0_TypeDef     *) LPC_UART0_BASE    )
                               ^
../src/SD/comm.c:30:19: note: in expansion of macro 'LPC_UART0'
 #define TEST_UART LPC_UART0
                   ^
../src/SD/comm.c:366:18: note: in expansion of macro 'TEST_UART'
  UART_FIFOConfig(TEST_UART, &UARTFIFOConfigStruct);
                  ^
In file included from ../src/SD/comm.c:21:0:
../src/SD/lpc17xx_uart.h:592:6: note: expected 'struct LPC_UART_TypeDef *' but argument is of type 'struct LPC_UART0_TypeDef *'
 void UART_FIFOConfig(LPC_UART_TypeDef *UARTx, UART_FIFO_CFG_Type *FIFOCfg);
      ^
In file included from ../src/SD/comm.c:20:0:
C:\ejemplo\CMSISv2p00_LPC17xx\inc/lpc17xx.h:999:31: warning: passing argument 1 of 'UART_SetupCbs' from incompatible pointer type
 #define LPC_UART0             ((LPC_UART0_TypeDef     *) LPC_UART0_BASE    )
                               ^
../src/SD/comm.c:30:19: note: in expansion of macro 'LPC_UART0'
 #define TEST_UART LPC_UART0
                   ^
../src/SD/comm.c:370:16: note: in expansion of macro 'TEST_UART'
  UART_SetupCbs(TEST_UART, 0, (void *) UART_IntReceive);
                ^
In file included from ../src/SD/comm.c:21:0:
../src/SD/lpc17xx_uart.h:609:6: note: expected 'struct LPC_UART_TypeDef *' but argument is of type 'struct LPC_UART0_TypeDef *'
 void UART_SetupCbs(LPC_UART_TypeDef *UARTx, uint8_t CbType, void *pfnCbs);
      ^
In file included from ../src/SD/comm.c:20:0:
C:\ejemplo\CMSISv2p00_LPC17xx\inc/lpc17xx.h:999:31: warning: passing argument 1 of 'UART_SetupCbs' from incompatible pointer type
 #define LPC_UART0             ((LPC_UART0_TypeDef     *) LPC_UART0_BASE    )
                               ^
../src/SD/comm.c:30:19: note: in expansion of macro 'LPC_UART0'
 #define TEST_UART LPC_UART0
                   ^
../src/SD/comm.c:372:16: note: in expansion of macro 'TEST_UART'
  UART_SetupCbs(TEST_UART, 1, (void *) UART_IntTransmit);
                ^
In file included from ../src/SD/comm.c:21:0:
../src/SD/lpc17xx_uart.h:609:6: note: expected 'struct LPC_UART_TypeDef *' but argument is of type 'struct LPC_UART0_TypeDef *'
 void UART_SetupCbs(LPC_UART_TypeDef *UARTx, uint8_t CbType, void *pfnCbs);
      ^
[...]
   text	   data	    bss	    dec	    hex	filename
  23556	      8	   7772	  31336	   7a68	drivers_tarjeta_sd_lectura.axf
 
16:01:34 **** Incremental Build of configuration Debug for project CMSISv2p00_LPC17xx ****
make -r all 
make: Nothing to be done for `all'.
16:01:37 **** Incremental Build of configuration Debug for project drivers_tarjeta_sd_lectura ****
make -r all 
Building file: ../src/drivers_tarjeta_sd_lectura.c
Invoking: MCU C Compiler
arm-none-eabi-gcc -DDEBUG -D__CODE_RED -DCORE_M3 -D__USE_CMSIS=CMSISv2p00_LPC17xx -D__LPC17XX__ -D__REDLIB__ -I"C:\proyectos_mios\drivers_tarjeta_sd_lectura\src\SD" -I"C:\proyectos_mios\CMSISv2p00_LPC17xx\inc" -O0 -g3 -Wall -c -fmessage-length=0 -fno-builtin -ffunction-sections -fdata-sections -mcpu=cortex-m3 -mthumb -specs=redlib.specs -MMD -MP -MF"src/drivers_tarjeta_sd_lectura.d" -MT"src/drivers_tarjeta_sd_lectura.o" -MT"src/drivers_tarjeta_sd_lectura.d" -o "src/drivers_tarjeta_sd_lectura.o" "../src/drivers_tarjeta_sd_lectura.c"
../src/drivers_tarjeta_sd_lectura.c: In function 'main':
../src/drivers_tarjeta_sd_lectura.c:20:9: warning: unused variable 'ptr' [-Wunused-variable]
   char *ptr;
         ^
../src/drivers_tarjeta_sd_lectura.c:19:11: warning: variable 'errf' set but not used [-Wunused-but-set-variable]
   FRESULT errf;
           ^
../src/drivers_tarjeta_sd_lectura.c:18:11: warning: variable 'errd' set but not used [-Wunused-but-set-variable]
   DSTATUS errd;
           ^
../src/drivers_tarjeta_sd_lectura.c:42:1: warning: control reaches end of non-void function [-Wreturn-type]
 }
 ^
Finished building: ../src/drivers_tarjeta_sd_lectura.c
 
Building target: drivers_tarjeta_sd_lectura.axf
Invoking: MCU Linker
arm-none-eabi-gcc -nostdlib -L"C:\proyectos_mios\CMSISv2p00_LPC17xx\Debug" -Xlinker -Map="drivers_tarjeta_sd_lectura.map" -Xlinker --gc-sections -mcpu=cortex-m3 -mthumb -T "drivers_tarjeta_sd_lectura_Debug.ld" -o "drivers_tarjeta_sd_lectura.axf"  ./src/SD/ccsbcs.o ./src/SD/comm.o ./src/SD/diskio.o ./src/SD/fattime.o ./src/SD/ff.o ./src/SD/ff_test_term.o ./src/SD/init.o ./src/SD/lpc17xx_clkpwr.o ./src/SD/lpc17xx_gpio.o ./src/SD/lpc17xx_libcfg_default.o ./src/SD/lpc17xx_nvic.o ./src/SD/lpc17xx_pinsel.o ./src/SD/lpc17xx_rtc.o ./src/SD/lpc17xx_ssp.o ./src/SD/lpc17xx_uart.o ./src/SD/monitor.o ./src/SD/rtc_cal.o ./src/SD/spi_sd_lpc17xx.o ./src/SD/uart.o  ./src/cr_startup_lpc175x_6x.o ./src/crp.o ./src/drivers_tarjeta_sd_lectura.o ./src/lcd.o ./src/puertos.o   -lCMSISv2p00_LPC17xx
Finished building target: drivers_tarjeta_sd_lectura.axf
 
make --no-print-directory post-build
Performing post-build steps
arm-none-eabi-size "drivers_tarjeta_sd_lectura.axf"; # arm-none-eabi-objcopy -v -O binary "drivers_tarjeta_sd_lectura.axf" "drivers_tarjeta_sd_lectura.bin" ; # checksum -p LPC1769 -d "drivers_tarjeta_sd_lectura.bin";
   text	   data	    bss	    dec	    hex	filename
  23560	      8	   7772	  31340	   7a6c	drivers_tarjeta_sd_lectura.axf
 
16:02:02 **** Incremental Build of configuration Debug for project CMSISv2p00_LPC17xx ****
make -r all 
make: Nothing to be done for `all'.
16:02:05 **** Incremental Build of configuration Debug for project drivers_tarjeta_sd_lectura ****
make -r all 
Building file: ../src/drivers_tarjeta_sd_lectura.c
Invoking: MCU C Compiler
arm-none-eabi-gcc -DDEBUG -D__CODE_RED -DCORE_M3 -D__USE_CMSIS=CMSISv2p00_LPC17xx -D__LPC17XX__ -D__REDLIB__ -I"C:\proyectos_mios\drivers_tarjeta_sd_lectura\src\SD" -I"C:\proyectos_mios\CMSISv2p00_LPC17xx\inc" -O0 -g3 -Wall -c -fmessage-length=0 -fno-builtin -ffunction-sections -fdata-sections -mcpu=cortex-m3 -mthumb -specs=redlib.specs -MMD -MP -MF"src/drivers_tarjeta_sd_lectura.d" -MT"src/drivers_tarjeta_sd_lectura.o" -MT"src/drivers_tarjeta_sd_lectura.d" -o "src/drivers_tarjeta_sd_lectura.o" "../src/drivers_tarjeta_sd_lectura.c"
../src/drivers_tarjeta_sd_lectura.c: In function 'main':
../src/drivers_tarjeta_sd_lectura.c:20:9: warning: unused variable 'ptr' [-Wunused-variable]
   char *ptr;
         ^
../src/drivers_tarjeta_sd_lectura.c:19:11: warning: variable 'errf' set but not used [-Wunused-but-set-variable]
   FRESULT errf;
           ^
../src/drivers_tarjeta_sd_lectura.c:18:11: warning: variable 'errd' set but not used [-Wunused-but-set-variable]
   DSTATUS errd;
           ^
../src/drivers_tarjeta_sd_lectura.c:42:1: warning: control reaches end of non-void function [-Wreturn-type]
 }
 ^
Finished building: ../src/drivers_tarjeta_sd_lectura.c
 
Building target: drivers_tarjeta_sd_lectura.axf
Invoking: MCU Linker
arm-none-eabi-gcc -nostdlib -L"C:\proyectos_mios\CMSISv2p00_LPC17xx\Debug" -Xlinker -Map="drivers_tarjeta_sd_lectura.map" -Xlinker --gc-sections -mcpu=cortex-m3 -mthumb -T "drivers_tarjeta_sd_lectura_Debug.ld" -o "drivers_tarjeta_sd_lectura.axf"  ./src/SD/ccsbcs.o ./src/SD/comm.o ./src/SD/diskio.o ./src/SD/fattime.o ./src/SD/ff.o ./src/SD/ff_test_term.o ./src/SD/init.o ./src/SD/lpc17xx_clkpwr.o ./src/SD/lpc17xx_gpio.o ./src/SD/lpc17xx_libcfg_default.o ./src/SD/lpc17xx_nvic.o ./src/SD/lpc17xx_pinsel.o ./src/SD/lpc17xx_rtc.o ./src/SD/lpc17xx_ssp.o ./src/SD/lpc17xx_uart.o ./src/SD/monitor.o ./src/SD/rtc_cal.o ./src/SD/spi_sd_lpc17xx.o ./src/SD/uart.o  ./src/cr_startup_lpc175x_6x.o ./src/crp.o ./src/drivers_tarjeta_sd_lectura.o ./src/lcd.o ./src/puertos.o   -lCMSISv2p00_LPC17xx
Finished building target: drivers_tarjeta_sd_lectura.axf
 
make --no-print-directory post-build
Performing post-build steps
arm-none-eabi-size "drivers_tarjeta_sd_lectura.axf"; # arm-none-eabi-objcopy -v -O binary "drivers_tarjeta_sd_lectura.axf" "drivers_tarjeta_sd_lectura.bin" ; # checksum -p LPC1769 -d "drivers_tarjeta_sd_lectura.bin";
   text	   data	    bss	    dec	    hex	filename
  23560	      8	   7772	  31340	   7a6c	drivers_tarjeta_sd_lectura.axf
 
16:02:25 **** Incremental Build of configuration Debug for project CMSISv2p00_LPC17xx ****
make -r all 
make: Nothing to be done for `all'.
16:02:28 **** Incremental Build of configuration Debug for project drivers_tarjeta_sd_lectura ****
make -r all 
Building file: ../src/drivers_tarjeta_sd_lectura.c
Invoking: MCU C Compiler
arm-none-eabi-gcc -DDEBUG -D__CODE_RED -DCORE_M3 -D__USE_CMSIS=CMSISv2p00_LPC17xx -D__LPC17XX__ -D__REDLIB__ -I"C:\proyectos_mios\drivers_tarjeta_sd_lectura\src\SD" -I"C:\proyectos_mios\CMSISv2p00_LPC17xx\inc" -O0 -g3 -Wall -c -fmessage-length=0 -fno-builtin -ffunction-sections -fdata-sections -mcpu=cortex-m3 -mthumb -specs=redlib.specs -MMD -MP -MF"src/drivers_tarjeta_sd_lectura.d" -MT"src/drivers_tarjeta_sd_lectura.o" -MT"src/drivers_tarjeta_sd_lectura.d" -o "src/drivers_tarjeta_sd_lectura.o" "../src/drivers_tarjeta_sd_lectura.c"
../src/drivers_tarjeta_sd_lectura.c: In function 'main':
../src/drivers_tarjeta_sd_lectura.c:20:9: warning: unused variable 'ptr' [-Wunused-variable]
   char *ptr;
         ^
../src/drivers_tarjeta_sd_lectura.c:19:11: warning: variable 'errf' set but not used [-Wunused-but-set-variable]
   FRESULT errf;
           ^
../src/drivers_tarjeta_sd_lectura.c:18:11: warning: variable 'errd' set but not used [-Wunused-but-set-variable]
   DSTATUS errd;
           ^
../src/drivers_tarjeta_sd_lectura.c:42:1: warning: control reaches end of non-void function [-Wreturn-type]
 }
 ^
Finished building: ../src/drivers_tarjeta_sd_lectura.c
 
Building target: drivers_tarjeta_sd_lectura.axf
Invoking: MCU Linker
arm-none-eabi-gcc -nostdlib -L"C:\proyectos_mios\CMSISv2p00_LPC17xx\Debug" -Xlinker -Map="drivers_tarjeta_sd_lectura.map" -Xlinker --gc-sections -mcpu=cortex-m3 -mthumb -T "drivers_tarjeta_sd_lectura_Debug.ld" -o "drivers_tarjeta_sd_lectura.axf"  ./src/SD/ccsbcs.o ./src/SD/comm.o ./src/SD/diskio.o ./src/SD/fattime.o ./src/SD/ff.o ./src/SD/ff_test_term.o ./src/SD/init.o ./src/SD/lpc17xx_clkpwr.o ./src/SD/lpc17xx_gpio.o ./src/SD/lpc17xx_libcfg_default.o ./src/SD/lpc17xx_nvic.o ./src/SD/lpc17xx_pinsel.o ./src/SD/lpc17xx_rtc.o ./src/SD/lpc17xx_ssp.o ./src/SD/lpc17xx_uart.o ./src/SD/monitor.o ./src/SD/rtc_cal.o ./src/SD/spi_sd_lpc17xx.o ./src/SD/uart.o  ./src/cr_startup_lpc175x_6x.o ./src/crp.o ./src/drivers_tarjeta_sd_lectura.o ./src/lcd.o ./src/puertos.o   -lCMSISv2p00_LPC17xx
Finished building target: drivers_tarjeta_sd_lectura.axf
 
make --no-print-directory post-build
Performing post-build steps
arm-none-eabi-size "drivers_tarjeta_sd_lectura.axf"; # arm-none-eabi-objcopy -v -O binary "drivers_tarjeta_sd_lectura.axf" "drivers_tarjeta_sd_lectura.bin" ; # checksum -p LPC1769 -d "drivers_tarjeta_sd_lectura.bin";
   text	   data	    bss	    dec	    hex	filename
  23560	      8	   7772	  31340	   7a6c	drivers_tarjeta_sd_lectura.axf
 
16:04:13 **** Incremental Build of configuration Debug for project CMSISv2p00_LPC17xx ****
make -r all 
make: Nothing to be done for `all'.
16:04:16 **** Incremental Build of configuration Debug for project drivers_tarjeta_sd_lectura ****
make -r all 
Building file: ../src/drivers_tarjeta_sd_lectura.c
Invoking: MCU C Compiler
arm-none-eabi-gcc -DDEBUG -D__CODE_RED -DCORE_M3 -D__USE_CMSIS=CMSISv2p00_LPC17xx -D__LPC17XX__ -D__REDLIB__ -I"C:\proyectos_mios\drivers_tarjeta_sd_lectura\src\SD" -I"C:\proyectos_mios\CMSISv2p00_LPC17xx\inc" -O0 -g3 -Wall -c -fmessage-length=0 -fno-builtin -ffunction-sections -fdata-sections -mcpu=cortex-m3 -mthumb -specs=redlib.specs -MMD -MP -MF"src/drivers_tarjeta_sd_lectura.d" -MT"src/drivers_tarjeta_sd_lectura.o" -MT"src/drivers_tarjeta_sd_lectura.d" -o "src/drivers_tarjeta_sd_lectura.o" "../src/drivers_tarjeta_sd_lectura.c"
../src/drivers_tarjeta_sd_lectura.c: In function 'main':
../src/drivers_tarjeta_sd_lectura.c:20:9: warning: unused variable 'ptr' [-Wunused-variable]
   char *ptr;
         ^
../src/drivers_tarjeta_sd_lectura.c:19:11: warning: variable 'errf' set but not used [-Wunused-but-set-variable]
   FRESULT errf;
           ^
../src/drivers_tarjeta_sd_lectura.c:18:11: warning: variable 'errd' set but not used [-Wunused-but-set-variable]
   DSTATUS errd;
           ^
../src/drivers_tarjeta_sd_lectura.c:42:1: warning: control reaches end of non-void function [-Wreturn-type]
 }
 ^
Finished building: ../src/drivers_tarjeta_sd_lectura.c
 
Building target: drivers_tarjeta_sd_lectura.axf
Invoking: MCU Linker
arm-none-eabi-gcc -nostdlib -L"C:\proyectos_mios\CMSISv2p00_LPC17xx\Debug" -Xlinker -Map="drivers_tarjeta_sd_lectura.map" -Xlinker --gc-sections -mcpu=cortex-m3 -mthumb -T "drivers_tarjeta_sd_lectura_Debug.ld" -o "drivers_tarjeta_sd_lectura.axf"  ./src/SD/ccsbcs.o ./src/SD/comm.o ./src/SD/diskio.o ./src/SD/fattime.o ./src/SD/ff.o ./src/SD/ff_test_term.o ./src/SD/init.o ./src/SD/lpc17xx_clkpwr.o ./src/SD/lpc17xx_gpio.o ./src/SD/lpc17xx_libcfg_default.o ./src/SD/lpc17xx_nvic.o ./src/SD/lpc17xx_pinsel.o ./src/SD/lpc17xx_rtc.o ./src/SD/lpc17xx_ssp.o ./src/SD/lpc17xx_uart.o ./src/SD/monitor.o ./src/SD/rtc_cal.o ./src/SD/spi_sd_lpc17xx.o ./src/SD/uart.o  ./src/cr_startup_lpc175x_6x.o ./src/crp.o ./src/drivers_tarjeta_sd_lectura.o ./src/lcd.o ./src/puertos.o   -lCMSISv2p00_LPC17xx
Finished building target: drivers_tarjeta_sd_lectura.axf
 
make --no-print-directory post-build
Performing post-build steps
arm-none-eabi-size "drivers_tarjeta_sd_lectura.axf"; # arm-none-eabi-objcopy -v -O binary "drivers_tarjeta_sd_lectura.axf" "drivers_tarjeta_sd_lectura.bin" ; # checksum -p LPC1769 -d "drivers_tarjeta_sd_lectura.bin";
   text	   data	    bss	    dec	    hex	filename
  23560	      8	   7772	  31340	   7a6c	drivers_tarjeta_sd_lectura.axf
 
16:04:54 **** Incremental Build of configuration Debug for project CMSISv2p00_LPC17xx ****
make -r all 
make: Nothing to be done for `all'.
16:04:57 **** Incremental Build of configuration Debug for project drivers_tarjeta_sd_lectura ****
make -r all 
Building file: ../src/drivers_tarjeta_sd_lectura.c
Invoking: MCU C Compiler
arm-none-eabi-gcc -DDEBUG -D__CODE_RED -DCORE_M3 -D__USE_CMSIS=CMSISv2p00_LPC17xx -D__LPC17XX__ -D__REDLIB__ -I"C:\proyectos_mios\drivers_tarjeta_sd_lectura\src\SD" -I"C:\proyectos_mios\CMSISv2p00_LPC17xx\inc" -O0 -g3 -Wall -c -fmessage-length=0 -fno-builtin -ffunction-sections -fdata-sections -mcpu=cortex-m3 -mthumb -specs=redlib.specs -MMD -MP -MF"src/drivers_tarjeta_sd_lectura.d" -MT"src/drivers_tarjeta_sd_lectura.o" -MT"src/drivers_tarjeta_sd_lectura.d" -o "src/drivers_tarjeta_sd_lectura.o" "../src/drivers_tarjeta_sd_lectura.c"
../src/drivers_tarjeta_sd_lectura.c: In function 'main':
../src/drivers_tarjeta_sd_lectura.c:20:9: warning: unused variable 'ptr' [-Wunused-variable]
   char *ptr;
         ^
../src/drivers_tarjeta_sd_lectura.c:19:11: warning: variable 'errf' set but not used [-Wunused-but-set-variable]
   FRESULT errf;
           ^
../src/drivers_tarjeta_sd_lectura.c:18:11: warning: variable 'errd' set but not used [-Wunused-but-set-variable]
   DSTATUS errd;
           ^
../src/drivers_tarjeta_sd_lectura.c:42:1: warning: control reaches end of non-void function [-Wreturn-type]
 }
 ^
Finished building: ../src/drivers_tarjeta_sd_lectura.c
 
Building target: drivers_tarjeta_sd_lectura.axf
Invoking: MCU Linker
arm-none-eabi-gcc -nostdlib -L"C:\proyectos_mios\CMSISv2p00_LPC17xx\Debug" -Xlinker -Map="drivers_tarjeta_sd_lectura.map" -Xlinker --gc-sections -mcpu=cortex-m3 -mthumb -T "drivers_tarjeta_sd_lectura_Debug.ld" -o "drivers_tarjeta_sd_lectura.axf"  ./src/SD/ccsbcs.o ./src/SD/comm.o ./src/SD/diskio.o ./src/SD/fattime.o ./src/SD/ff.o ./src/SD/ff_test_term.o ./src/SD/init.o ./src/SD/lpc17xx_clkpwr.o ./src/SD/lpc17xx_gpio.o ./src/SD/lpc17xx_libcfg_default.o ./src/SD/lpc17xx_nvic.o ./src/SD/lpc17xx_pinsel.o ./src/SD/lpc17xx_rtc.o ./src/SD/lpc17xx_ssp.o ./src/SD/lpc17xx_uart.o ./src/SD/monitor.o ./src/SD/rtc_cal.o ./src/SD/spi_sd_lpc17xx.o ./src/SD/uart.o  ./src/cr_startup_lpc175x_6x.o ./src/crp.o ./src/drivers_tarjeta_sd_lectura.o ./src/lcd.o ./src/puertos.o   -lCMSISv2p00_LPC17xx
Finished building target: drivers_tarjeta_sd_lectura.axf
 
make --no-print-directory post-build
Performing post-build steps
arm-none-eabi-size "drivers_tarjeta_sd_lectura.axf"; # arm-none-eabi-objcopy -v -O binary "drivers_tarjeta_sd_lectura.axf" "drivers_tarjeta_sd_lectura.bin" ; # checksum -p LPC1769 -d "drivers_tarjeta_sd_lectura.bin";
   text	   data	    bss	    dec	    hex	filename
  23560	      8	   7772	  31340	   7a6c	drivers_tarjeta_sd_lectura.axf
 
16:05:21 **** Incremental Build of configuration Debug for project CMSISv2p00_LPC17xx ****
make -r all 
make: Nothing to be done for `all'.
16:05:24 **** Incremental Build of configuration Debug for project drivers_tarjeta_sd_lectura ****
make -r all 
Building file: ../src/drivers_tarjeta_sd_lectura.c
Invoking: MCU C Compiler
arm-none-eabi-gcc -DDEBUG -D__CODE_RED -DCORE_M3 -D__USE_CMSIS=CMSISv2p00_LPC17xx -D__LPC17XX__ -D__REDLIB__ -I"C:\proyectos_mios\drivers_tarjeta_sd_lectura\src\SD" -I"C:\proyectos_mios\CMSISv2p00_LPC17xx\inc" -O0 -g3 -Wall -c -fmessage-length=0 -fno-builtin -ffunction-sections -fdata-sections -mcpu=cortex-m3 -mthumb -specs=redlib.specs -MMD -MP -MF"src/drivers_tarjeta_sd_lectura.d" -MT"src/drivers_tarjeta_sd_lectura.o" -MT"src/drivers_tarjeta_sd_lectura.d" -o "src/drivers_tarjeta_sd_lectura.o" "../src/drivers_tarjeta_sd_lectura.c"
../src/drivers_tarjeta_sd_lectura.c: In function 'main':
../src/drivers_tarjeta_sd_lectura.c:20:9: warning: unused variable 'ptr' [-Wunused-variable]
   char *ptr;
         ^
../src/drivers_tarjeta_sd_lectura.c:19:11: warning: variable 'errf' set but not used [-Wunused-but-set-variable]
   FRESULT errf;
           ^
../src/drivers_tarjeta_sd_lectura.c:18:11: warning: variable 'errd' set but not used [-Wunused-but-set-variable]
   DSTATUS errd;
           ^
../src/drivers_tarjeta_sd_lectura.c:42:1: warning: control reaches end of non-void function [-Wreturn-type]
 }
 ^
Finished building: ../src/drivers_tarjeta_sd_lectura.c
 
Building target: drivers_tarjeta_sd_lectura.axf
Invoking: MCU Linker
arm-none-eabi-gcc -nostdlib -L"C:\proyectos_mios\CMSISv2p00_LPC17xx\Debug" -Xlinker -Map="drivers_tarjeta_sd_lectura.map" -Xlinker --gc-sections -mcpu=cortex-m3 -mthumb -T "drivers_tarjeta_sd_lectura_Debug.ld" -o "drivers_tarjeta_sd_lectura.axf"  ./src/SD/ccsbcs.o ./src/SD/comm.o ./src/SD/diskio.o ./src/SD/fattime.o ./src/SD/ff.o ./src/SD/ff_test_term.o ./src/SD/init.o ./src/SD/lpc17xx_clkpwr.o ./src/SD/lpc17xx_gpio.o ./src/SD/lpc17xx_libcfg_default.o ./src/SD/lpc17xx_nvic.o ./src/SD/lpc17xx_pinsel.o ./src/SD/lpc17xx_rtc.o ./src/SD/lpc17xx_ssp.o ./src/SD/lpc17xx_uart.o ./src/SD/monitor.o ./src/SD/rtc_cal.o ./src/SD/spi_sd_lpc17xx.o ./src/SD/uart.o  ./src/cr_startup_lpc175x_6x.o ./src/crp.o ./src/drivers_tarjeta_sd_lectura.o ./src/lcd.o ./src/puertos.o   -lCMSISv2p00_LPC17xx
Finished building target: drivers_tarjeta_sd_lectura.axf
 
make --no-print-directory post-build
Performing post-build steps
arm-none-eabi-size "drivers_tarjeta_sd_lectura.axf"; # arm-none-eabi-objcopy -v -O binary "drivers_tarjeta_sd_lectura.axf" "drivers_tarjeta_sd_lectura.bin" ; # checksum -p LPC1769 -d "drivers_tarjeta_sd_lectura.bin";
   text	   data	    bss	    dec	    hex	filename
  23560	      8	   7772	  31340	   7a6c	drivers_tarjeta_sd_lectura.axf
 
16:06:44 **** Incremental Build of configuration Debug for project CMSISv2p00_LPC17xx ****
make -r all 
make: Nothing to be done for `all'.
16:06:47 **** Incremental Build of configuration Debug for project drivers_tarjeta_sd_lectura ****
make -r all 
Building file: ../src/drivers_tarjeta_sd_lectura.c
Invoking: MCU C Compiler
arm-none-eabi-gcc -DDEBUG -D__CODE_RED -DCORE_M3 -D__USE_CMSIS=CMSISv2p00_LPC17xx -D__LPC17XX__ -D__REDLIB__ -I"C:\proyectos_mios\drivers_tarjeta_sd_lectura\src\SD" -I"C:\proyectos_mios\CMSISv2p00_LPC17xx\inc" -O0 -g3 -Wall -c -fmessage-length=0 -fno-builtin -ffunction-sections -fdata-sections -mcpu=cortex-m3 -mthumb -specs=redlib.specs -MMD -MP -MF"src/drivers_tarjeta_sd_lectura.d" -MT"src/drivers_tarjeta_sd_lectura.o" -MT"src/drivers_tarjeta_sd_lectura.d" -o "src/drivers_tarjeta_sd_lectura.o" "../src/drivers_tarjeta_sd_lectura.c"
../src/drivers_tarjeta_sd_lectura.c: In function 'main':
../src/drivers_tarjeta_sd_lectura.c:20:9: warning: unused variable 'ptr' [-Wunused-variable]
   char *ptr;
         ^
../src/drivers_tarjeta_sd_lectura.c:19:11: warning: variable 'errf' set but not used [-Wunused-but-set-variable]
   FRESULT errf;
           ^
../src/drivers_tarjeta_sd_lectura.c:18:11: warning: variable 'errd' set but not used [-Wunused-but-set-variable]
   DSTATUS errd;
           ^
../src/drivers_tarjeta_sd_lectura.c:42:1: warning: control reaches end of non-void function [-Wreturn-type]
 }
 ^
Finished building: ../src/drivers_tarjeta_sd_lectura.c
 
Building target: drivers_tarjeta_sd_lectura.axf
Invoking: MCU Linker
arm-none-eabi-gcc -nostdlib -L"C:\proyectos_mios\CMSISv2p00_LPC17xx\Debug" -Xlinker -Map="drivers_tarjeta_sd_lectura.map" -Xlinker --gc-sections -mcpu=cortex-m3 -mthumb -T "drivers_tarjeta_sd_lectura_Debug.ld" -o "drivers_tarjeta_sd_lectura.axf"  ./src/SD/ccsbcs.o ./src/SD/comm.o ./src/SD/diskio.o ./src/SD/fattime.o ./src/SD/ff.o ./src/SD/ff_test_term.o ./src/SD/init.o ./src/SD/lpc17xx_clkpwr.o ./src/SD/lpc17xx_gpio.o ./src/SD/lpc17xx_libcfg_default.o ./src/SD/lpc17xx_nvic.o ./src/SD/lpc17xx_pinsel.o ./src/SD/lpc17xx_rtc.o ./src/SD/lpc17xx_ssp.o ./src/SD/lpc17xx_uart.o ./src/SD/monitor.o ./src/SD/rtc_cal.o ./src/SD/spi_sd_lpc17xx.o ./src/SD/uart.o  ./src/cr_startup_lpc175x_6x.o ./src/crp.o ./src/drivers_tarjeta_sd_lectura.o ./src/lcd.o ./src/puertos.o   -lCMSISv2p00_LPC17xx
Finished building target: drivers_tarjeta_sd_lectura.axf
 
make --no-print-directory post-build
Performing post-build steps
arm-none-eabi-size "drivers_tarjeta_sd_lectura.axf"; # arm-none-eabi-objcopy -v -O binary "drivers_tarjeta_sd_lectura.axf" "drivers_tarjeta_sd_lectura.bin" ; # checksum -p LPC1769 -d "drivers_tarjeta_sd_lectura.bin";
   text	   data	    bss	    dec	    hex	filename
  23560	      8	   7772	  31340	   7a6c	drivers_tarjeta_sd_lectura.axf
 
